Archive member included because of file (symbol)

c:/program files/codesourcery/sourcery g++ lite/bin/../lib/gcc/arm-none-eabi/4.5.1/../../../../arm-none-eabi/lib/thumb2\libc.a(lib_a-memset.o)
                              ./src/main.o (memset)

Allocating common symbols
Common symbol       size              file

SDIO_CmdInitStructure
                    0x14              ./src/sdcard.o
DestBuffer          0x4               ./src/sdcard.o
SDCardInfo          0x50              ./src/main.o
SDIO_InitStructure  0x18              ./src/sdcard.o
SDIO_DataInitStructure
                    0x18              ./src/sdcard.o
buffer              0x400             ./src/main.o
SrcBuffer           0x4               ./src/sdcard.o

Discarded input sections

 .text          0x00000000       0x14 ./startup_stm32f10x_md.o
 .bss           0x00000000        0x0 ./startup_stm32f10x_md.o
 .text          0x00000000      0x1f4 ./src/radio.o
 .bss           0x00000000        0x0 ./src/radio.o
 .bss           0x00000000        0x0 ./src/stm32f10x_it.o
 .bss           0x00000000        0x0 ./src/vs1003.o
 .bss           0x00000000        0x0 ./fatfs/diskio.o
 .bss           0x00000000        0x0 ./STM32F10x_StdPeriph_Lib_V3.4.0/Libraries/STM32F10x_StdPeriph_Driver/src/misc.o
 .text          0x00000000      0x380 ./STM32F10x_StdPeriph_Lib_V3.4.0/Libraries/STM32F10x_StdPeriph_Driver/src/stm32f10x_adc.o
 .bss           0x00000000        0x0 ./STM32F10x_StdPeriph_Lib_V3.4.0/Libraries/STM32F10x_StdPeriph_Driver/src/stm32f10x_adc.o
 .text          0x00000000       0xe0 ./STM32F10x_StdPeriph_Lib_V3.4.0/Libraries/STM32F10x_StdPeriph_Driver/src/stm32f10x_bkp.o
 .bss           0x00000000        0x0 ./STM32F10x_StdPeriph_Lib_V3.4.0/Libraries/STM32F10x_StdPeriph_Driver/src/stm32f10x_bkp.o
 .text          0x00000000      0x6bc ./STM32F10x_StdPeriph_Lib_V3.4.0/Libraries/STM32F10x_StdPeriph_Driver/src/stm32f10x_can.o
 .bss           0x00000000        0x0 ./STM32F10x_StdPeriph_Lib_V3.4.0/Libraries/STM32F10x_StdPeriph_Driver/src/stm32f10x_can.o
 .rodata        0x00000000        0x8 ./STM32F10x_StdPeriph_Lib_V3.4.0/Libraries/STM32F10x_StdPeriph_Driver/src/stm32f10x_can.o
 .text          0x00000000      0x124 ./STM32F10x_StdPeriph_Lib_V3.4.0/Libraries/STM32F10x_StdPeriph_Driver/src/stm32f10x_cec.o
 .bss           0x00000000        0x0 ./STM32F10x_StdPeriph_Lib_V3.4.0/Libraries/STM32F10x_StdPeriph_Driver/src/stm32f10x_cec.o
 .text          0x00000000       0x58 ./STM32F10x_StdPeriph_Lib_V3.4.0/Libraries/STM32F10x_StdPeriph_Driver/src/stm32f10x_crc.o
 .bss           0x00000000        0x0 ./STM32F10x_StdPeriph_Lib_V3.4.0/Libraries/STM32F10x_StdPeriph_Driver/src/stm32f10x_crc.o
 .text          0x00000000      0x16c ./STM32F10x_StdPeriph_Lib_V3.4.0/Libraries/STM32F10x_StdPeriph_Driver/src/stm32f10x_dac.o
 .bss           0x00000000        0x0 ./STM32F10x_StdPeriph_Lib_V3.4.0/Libraries/STM32F10x_StdPeriph_Driver/src/stm32f10x_dac.o
 .text          0x00000000       0x34 ./STM32F10x_StdPeriph_Lib_V3.4.0/Libraries/STM32F10x_StdPeriph_Driver/src/stm32f10x_dbgmcu.o
 .bss           0x00000000        0x0 ./STM32F10x_StdPeriph_Lib_V3.4.0/Libraries/STM32F10x_StdPeriph_Driver/src/stm32f10x_dbgmcu.o
 .bss           0x00000000        0x0 ./STM32F10x_StdPeriph_Lib_V3.4.0/Libraries/STM32F10x_StdPeriph_Driver/src/stm32f10x_dma.o
 .text          0x00000000      0x100 ./STM32F10x_StdPeriph_Lib_V3.4.0/Libraries/STM32F10x_StdPeriph_Driver/src/stm32f10x_exti.o
 .bss           0x00000000        0x0 ./STM32F10x_StdPeriph_Lib_V3.4.0/Libraries/STM32F10x_StdPeriph_Driver/src/stm32f10x_exti.o
 .bss           0x00000000        0x0 ./STM32F10x_StdPeriph_Lib_V3.4.0/Libraries/STM32F10x_StdPeriph_Driver/src/stm32f10x_flash.o
 .text          0x00000000      0x47c ./STM32F10x_StdPeriph_Lib_V3.4.0/Libraries/STM32F10x_StdPeriph_Driver/src/stm32f10x_fsmc.o
 .bss           0x00000000        0x0 ./STM32F10x_StdPeriph_Lib_V3.4.0/Libraries/STM32F10x_StdPeriph_Driver/src/stm32f10x_fsmc.o
 .bss           0x00000000        0x0 ./STM32F10x_StdPeriph_Lib_V3.4.0/Libraries/STM32F10x_StdPeriph_Driver/src/stm32f10x_gpio.o
 .bss           0x00000000        0x0 ./STM32F10x_StdPeriph_Lib_V3.4.0/Libraries/STM32F10x_StdPeriph_Driver/src/stm32f10x_i2c.o
 .text          0x00000000       0x58 ./STM32F10x_StdPeriph_Lib_V3.4.0/Libraries/STM32F10x_StdPeriph_Driver/src/stm32f10x_iwdg.o
 .bss           0x00000000        0x0 ./STM32F10x_StdPeriph_Lib_V3.4.0/Libraries/STM32F10x_StdPeriph_Driver/src/stm32f10x_iwdg.o
 .text          0x00000000       0xdc ./STM32F10x_StdPeriph_Lib_V3.4.0/Libraries/STM32F10x_StdPeriph_Driver/src/stm32f10x_pwr.o
 .bss           0x00000000        0x0 ./STM32F10x_StdPeriph_Lib_V3.4.0/Libraries/STM32F10x_StdPeriph_Driver/src/stm32f10x_pwr.o
 .bss           0x00000000        0x0 ./STM32F10x_StdPeriph_Lib_V3.4.0/Libraries/STM32F10x_StdPeriph_Driver/src/stm32f10x_rcc.o
 .text          0x00000000      0x158 ./STM32F10x_StdPeriph_Lib_V3.4.0/Libraries/STM32F10x_StdPeriph_Driver/src/stm32f10x_rtc.o
 .bss           0x00000000        0x0 ./STM32F10x_StdPeriph_Lib_V3.4.0/Libraries/STM32F10x_StdPeriph_Driver/src/stm32f10x_rtc.o
 .bss           0x00000000        0x0 ./STM32F10x_StdPeriph_Lib_V3.4.0/Libraries/STM32F10x_StdPeriph_Driver/src/stm32f10x_sdio.o
 .bss           0x00000000        0x0 ./STM32F10x_StdPeriph_Lib_V3.4.0/Libraries/STM32F10x_StdPeriph_Driver/src/stm32f10x_spi.o
 .text          0x00000000      0xd3c ./STM32F10x_StdPeriph_Lib_V3.4.0/Libraries/STM32F10x_StdPeriph_Driver/src/stm32f10x_tim.o
 .bss           0x00000000        0x0 ./STM32F10x_StdPeriph_Lib_V3.4.0/Libraries/STM32F10x_StdPeriph_Driver/src/stm32f10x_tim.o
 .text          0x00000000      0x3d4 ./STM32F10x_StdPeriph_Lib_V3.4.0/Libraries/STM32F10x_StdPeriph_Driver/src/stm32f10x_usart.o
 .bss           0x00000000        0x0 ./STM32F10x_StdPeriph_Lib_V3.4.0/Libraries/STM32F10x_StdPeriph_Driver/src/stm32f10x_usart.o
 .text          0x00000000       0x9c ./STM32F10x_StdPeriph_Lib_V3.4.0/Libraries/STM32F10x_StdPeriph_Driver/src/stm32f10x_wwdg.o
 .bss           0x00000000        0x0 ./STM32F10x_StdPeriph_Lib_V3.4.0/Libraries/STM32F10x_StdPeriph_Driver/src/stm32f10x_wwdg.o
 .text          0x00000000       0x86 ./STM32F10x_StdPeriph_Lib_V3.4.0/Libraries/CMSIS/CM3/CoreSupport/core_cm3.o
 .bss           0x00000000        0x0 ./STM32F10x_StdPeriph_Lib_V3.4.0/Libraries/CMSIS/CM3/CoreSupport/core_cm3.o
 .bss           0x00000000        0x0 c:/program files/codesourcery/sourcery g++ lite/bin/../lib/gcc/arm-none-eabi/4.5.1/../../../../arm-none-eabi/lib/thumb2\libc.a(lib_a-memset.o)

Memory Configuration

Name             Origin             Length             Attributes
RAM              0x20000000         0x00020000         xrw
FLASH            0x08000000         0x00080000         xr
*default*        0x00000000         0xffffffff

Linker script and memory map

LOAD ./startup_stm32f10x_md.o
LOAD ./src/main.o
LOAD ./src/radio.o
LOAD ./src/sdcard.o
LOAD ./src/stm32f10x_it.o
LOAD ./src/vs1003.o
LOAD ./fatfs/diskio.o
LOAD ./fatfs/ff.o
LOAD ./STM32F10x_StdPeriph_Lib_V3.4.0/Libraries/STM32F10x_StdPeriph_Driver/src/misc.o
LOAD ./STM32F10x_StdPeriph_Lib_V3.4.0/Libraries/STM32F10x_StdPeriph_Driver/src/stm32f10x_adc.o
LOAD ./STM32F10x_StdPeriph_Lib_V3.4.0/Libraries/STM32F10x_StdPeriph_Driver/src/stm32f10x_bkp.o
LOAD ./STM32F10x_StdPeriph_Lib_V3.4.0/Libraries/STM32F10x_StdPeriph_Driver/src/stm32f10x_can.o
LOAD ./STM32F10x_StdPeriph_Lib_V3.4.0/Libraries/STM32F10x_StdPeriph_Driver/src/stm32f10x_cec.o
LOAD ./STM32F10x_StdPeriph_Lib_V3.4.0/Libraries/STM32F10x_StdPeriph_Driver/src/stm32f10x_crc.o
LOAD ./STM32F10x_StdPeriph_Lib_V3.4.0/Libraries/STM32F10x_StdPeriph_Driver/src/stm32f10x_dac.o
LOAD ./STM32F10x_StdPeriph_Lib_V3.4.0/Libraries/STM32F10x_StdPeriph_Driver/src/stm32f10x_dbgmcu.o
LOAD ./STM32F10x_StdPeriph_Lib_V3.4.0/Libraries/STM32F10x_StdPeriph_Driver/src/stm32f10x_dma.o
LOAD ./STM32F10x_StdPeriph_Lib_V3.4.0/Libraries/STM32F10x_StdPeriph_Driver/src/stm32f10x_exti.o
LOAD ./STM32F10x_StdPeriph_Lib_V3.4.0/Libraries/STM32F10x_StdPeriph_Driver/src/stm32f10x_flash.o
LOAD ./STM32F10x_StdPeriph_Lib_V3.4.0/Libraries/STM32F10x_StdPeriph_Driver/src/stm32f10x_fsmc.o
LOAD ./STM32F10x_StdPeriph_Lib_V3.4.0/Libraries/STM32F10x_StdPeriph_Driver/src/stm32f10x_gpio.o
LOAD ./STM32F10x_StdPeriph_Lib_V3.4.0/Libraries/STM32F10x_StdPeriph_Driver/src/stm32f10x_i2c.o
LOAD ./STM32F10x_StdPeriph_Lib_V3.4.0/Libraries/STM32F10x_StdPeriph_Driver/src/stm32f10x_iwdg.o
LOAD ./STM32F10x_StdPeriph_Lib_V3.4.0/Libraries/STM32F10x_StdPeriph_Driver/src/stm32f10x_pwr.o
LOAD ./STM32F10x_StdPeriph_Lib_V3.4.0/Libraries/STM32F10x_StdPeriph_Driver/src/stm32f10x_rcc.o
LOAD ./STM32F10x_StdPeriph_Lib_V3.4.0/Libraries/STM32F10x_StdPeriph_Driver/src/stm32f10x_rtc.o
LOAD ./STM32F10x_StdPeriph_Lib_V3.4.0/Libraries/STM32F10x_StdPeriph_Driver/src/stm32f10x_sdio.o
LOAD ./STM32F10x_StdPeriph_Lib_V3.4.0/Libraries/STM32F10x_StdPeriph_Driver/src/stm32f10x_spi.o
LOAD ./STM32F10x_StdPeriph_Lib_V3.4.0/Libraries/STM32F10x_StdPeriph_Driver/src/stm32f10x_tim.o
LOAD ./STM32F10x_StdPeriph_Lib_V3.4.0/Libraries/STM32F10x_StdPeriph_Driver/src/stm32f10x_usart.o
LOAD ./STM32F10x_StdPeriph_Lib_V3.4.0/Libraries/STM32F10x_StdPeriph_Driver/src/stm32f10x_wwdg.o
LOAD ./STM32F10x_StdPeriph_Lib_V3.4.0/Libraries/CMSIS/CM3/CoreSupport/core_cm3.o
START GROUP
LOAD c:/program files/codesourcery/sourcery g++ lite/bin/../lib/gcc/arm-none-eabi/4.5.1/thumb2\libgcc.a
LOAD c:/program files/codesourcery/sourcery g++ lite/bin/../lib/gcc/arm-none-eabi/4.5.1/../../../../arm-none-eabi/lib/thumb2\libc.a
END GROUP
                0x00000800                __Stack_Size = 0x800
                0x00000800                PROVIDE (_Stack_Size, __Stack_Size)
                0x20004800                __Stack_Init = (_estack - __Stack_Size)
                0x20004800                PROVIDE (_Stack_Init, __Stack_Init)
                0x00000100                _Minimum_Stack_Size = 0x100
                0x20005000                _estack = 0x20005000

.isr_vector     0x08000000      0x1e4
                0x08000000                . = ALIGN (0x4)
 *(.isr_vector)
 .isr_vector    0x08000000      0x1e4 ./startup_stm32f10x_md.o
                0x08000000                g_pfnVectors
                0x080001e4                . = ALIGN (0x4)

.flashtext      0x080001e4        0x0
                0x080001e4                . = ALIGN (0x4)
 *(.flashtext)
                0x080001e4                . = ALIGN (0x4)

.text           0x080001e4     0x545c
                0x080001e4                . = ALIGN (0x4)
 *(.text)
 .text          0x080001e4      0x1fc ./src/main.o
                0x080001e4                clkInit
                0x08000248                pinSetup
                0x08000290                SD_Nvic_conf
                0x080002b8                SD_Config
                0x08000310                main
                0x080003c4                showBit
 .text          0x080003e0     0x1ce0 ./src/sdcard.o
                0x08000984                SD_PowerON
                0x08000b4c                SD_PowerOFF
                0x08000b58                SD_InitializeCards
                0x08000cac                SD_Init
                0x08000d30                SD_GetCardInfo
                0x08000fb4                SD_EnableWideBusOperation
                0x08001024                SD_SetDeviceMode
                0x08001038                SD_SelectDeselect
                0x08001064                SD_ReadBlock
                0x080012a0                SD_ReadMultiBlocks
                0x08001544                SD_WriteBlock
                0x08001868                SD_WriteMultiBlocks
                0x08001be8                SD_GetTransferState
                0x08001bfc                SD_StopTransfer
                0x08001c28                SD_Erase
                0x08001d24                SD_SendStatus
                0x08001d70                SD_SendSDStatus
                0x08001edc                SD_ProcessIRQSrc
 .text          0x080020c0       0x50 ./src/stm32f10x_it.o
                0x080020c0                NMI_Handler
                0x080020c2                I2C2_ER_IRQHandler
                0x080020dc                HardFault_Handler
                0x080020de                SDIO_IRQHandler
                0x080020e2                MemManage_Handler
                0x080020e4                BusFault_Handler
                0x080020e6                UsageFault_Handler
                0x080020e8                SVC_Handler
                0x080020ea                DebugMon_Handler
                0x080020ec                PendSV_Handler
                0x080020ee                SysTick_Handler
 .text          0x08002110      0x318 ./src/vs1003.o
                0x08002110                VS1003_GPIO_conf
                0x0800219c                VS1003_SPI_conf
                0x080021e8                SPIPutChar
                0x0800220c                Delay
                0x0800220e                ControlReset
                0x08002224                SCI_ChipSelect
                0x0800223c                SDI_ChipSelect
                0x08002250                WriteRegister
                0x08002294                ResetChip
                0x080022c8                VS1003_SineTest
                0x08002344                VS1003_Start
                0x080023c0                VS1003_SendMusicBytes
 .text          0x08002428       0x50 ./fatfs/diskio.o
                0x08002428                disk_initialize
                0x0800242c                disk_status
                0x08002430                disk_read
                0x08002450                disk_write
                0x08002470                disk_ioctl
                0x08002474                get_fattime
 .text          0x08002478     0x1958 ./fatfs/ff.o
                0x0800309c                f_mount
                0x080030bc                f_open
                0x08003216                f_read
                0x08003392                f_write
                0x0800353c                f_sync
                0x080035de                f_close
                0x080035ec                f_lseek
                0x08003744                f_opendir
                0x080037a6                f_readdir
                0x080037fa                f_stat
                0x0800383a                f_getfree
                0x08003920                f_truncate
                0x080039b6                f_unlink
                0x08003a66                f_mkdir
                0x08003c30                f_chmod
                0x08003c80                f_utime
                0x08003cd0                f_rename
 .text          0x08003dd0       0xbc ./STM32F10x_StdPeriph_Lib_V3.4.0/Libraries/STM32F10x_StdPeriph_Driver/src/misc.o
                0x08003dd0                NVIC_PriorityGroupConfig
                0x08003de4                NVIC_Init
                0x08003e48                NVIC_SetVectorTable
                0x08003e5c                NVIC_SystemLPConfig
                0x08003e74                SysTick_CLKSourceConfig
 .text          0x08003e8c      0x1fc ./STM32F10x_StdPeriph_Lib_V3.4.0/Libraries/STM32F10x_StdPeriph_Driver/src/stm32f10x_dma.o
                0x08003e8c                DMA_DeInit
                0x08003f8c                DMA_Init
                0x08003fcc                DMA_StructInit
                0x08003fe6                DMA_Cmd
                0x08003ffe                DMA_ITConfig
                0x08004010                DMA_SetCurrDataCounter
                0x08004014                DMA_GetCurrDataCounter
                0x0800401a                DMA_GetFlagStatus
                0x08004038                DMA_ClearFlag
                0x08004050                DMA_GetITStatus
                0x08004070                DMA_ClearITPendingBit
 .text          0x08004088      0x56c ./STM32F10x_StdPeriph_Lib_V3.4.0/Libraries/STM32F10x_StdPeriph_Driver/src/stm32f10x_flash.o
                0x08004088                FLASH_SetLatency
                0x0800409c                FLASH_HalfCycleAccessCmd
                0x080040b4                FLASH_PrefetchBufferCmd
                0x080040cc                FLASH_Unlock
                0x080040e4                FLASH_UnlockBank1
                0x080040fc                FLASH_Lock
                0x0800410c                FLASH_LockBank1
                0x0800411c                FLASH_GetUserOptionByte
                0x08004128                FLASH_GetWriteProtectionOptionByte
                0x08004134                FLASH_GetReadOutProtectionStatus
                0x08004144                FLASH_GetPrefetchBufferStatus
                0x08004154                FLASH_ITConfig
                0x0800416c                FLASH_GetFlagStatus
                0x0800418c                FLASH_ClearFlag
                0x08004198                FLASH_GetStatus
                0x080041c8                FLASH_GetBank1Status
                0x080041f8                FLASH_WaitForLastOperation
                0x08004218                FLASH_UserOptionByteConfig
                0x08004274                FLASH_ReadOutProtection
                0x08004308                FLASH_EnableWriteProtection
                0x080043b0                FLASH_ProgramOptionByteData
                0x080043fc                FLASH_ProgramHalfWord
                0x08004434                FLASH_ProgramWord
                0x08004488                FLASH_EraseOptionBytes
                0x0800451c                FLASH_EraseAllPages
                0x08004558                FLASH_ErasePage
                0x08004598                FLASH_WaitForLastBank1Operation
                0x080045b8                FLASH_EraseAllBank1Pages
 .text          0x080045f4      0x28c ./STM32F10x_StdPeriph_Lib_V3.4.0/Libraries/STM32F10x_StdPeriph_Driver/src/stm32f10x_gpio.o
                0x080045f4                GPIO_DeInit
                0x080046a0                GPIO_AFIODeInit
                0x080046b6                GPIO_Init
                0x08004754                GPIO_StructInit
                0x08004764                GPIO_ReadInputDataBit
                0x08004770                GPIO_ReadInputData
                0x08004776                GPIO_ReadOutputDataBit
                0x08004782                GPIO_ReadOutputData
                0x08004788                GPIO_SetBits
                0x0800478c                GPIO_ResetBits
                0x08004790                GPIO_WriteBit
                0x0800479a                GPIO_Write
                0x0800479e                GPIO_PinLockConfig
                0x080047ae                GPIO_EventOutputConfig
                0x080047cc                GPIO_EventOutputCmd
                0x080047d8                GPIO_PinRemapConfig
                0x08004840                GPIO_EXTILineConfig
                0x08004874                GPIO_ETH_MediaInterfaceConfig
 .text          0x08004880      0x3c4 ./STM32F10x_StdPeriph_Lib_V3.4.0/Libraries/STM32F10x_StdPeriph_Driver/src/stm32f10x_i2c.o
                0x08004880                I2C_DeInit
                0x080048b4                I2C_Init
                0x0800498c                I2C_StructInit
                0x080049a8                I2C_Cmd
                0x080049c2                I2C_DMACmd
                0x080049dc                I2C_DMALastTransferCmd
                0x080049f6                I2C_GenerateSTART
                0x08004a10                I2C_GenerateSTOP
                0x08004a2a                I2C_AcknowledgeConfig
                0x08004a44                I2C_OwnAddress2Config
                0x08004a5a                I2C_DualAddressCmd
                0x08004a74                I2C_GeneralCallCmd
                0x08004a8e                I2C_ITConfig
                0x08004aa4                I2C_SendData
                0x08004aa8                I2C_ReceiveData
                0x08004aae                I2C_Send7bitAddress
                0x08004abe                I2C_ReadRegister
                0x08004ad6                I2C_SoftwareResetCmd
                0x08004af0                I2C_SMBusAlertConfig
                0x08004b0e                I2C_TransmitPEC
                0x08004b28                I2C_PECPositionConfig
                0x08004b46                I2C_CalculatePEC
                0x08004b60                I2C_GetPEC
                0x08004b68                I2C_ARPCmd
                0x08004b82                I2C_StretchClockCmd
                0x08004b9c                I2C_FastModeDutyCycleConfig
                0x08004bba                I2C_CheckEvent
                0x08004bd4                I2C_GetLastEvent
                0x08004be4                I2C_GetFlagStatus
                0x08004c18                I2C_ClearFlag
                0x08004c20                I2C_GetITStatus
                0x08004c3c                I2C_ClearITPendingBit
 .text          0x08004c44      0x350 ./STM32F10x_StdPeriph_Lib_V3.4.0/Libraries/STM32F10x_StdPeriph_Driver/src/stm32f10x_rcc.o
                0x08004c44                RCC_DeInit
                0x08004c84                RCC_HSEConfig
                0x08004cbc                RCC_AdjustHSICalibrationValue
                0x08004cd0                RCC_HSICmd
                0x08004cdc                RCC_PLLConfig
                0x08004cf4                RCC_PLLCmd
                0x08004d00                RCC_SYSCLKConfig
                0x08004d14                RCC_GetSYSCLKSource
                0x08004d24                RCC_HCLKConfig
                0x08004d38                RCC_PCLK1Config
                0x08004d4c                RCC_PCLK2Config
                0x08004d60                RCC_ITConfig
                0x08004d78                RCC_USBCLKConfig
                0x08004d84                RCC_ADCCLKConfig
                0x08004d98                RCC_LSEConfig
                0x08004db8                RCC_LSICmd
                0x08004dc4                RCC_RTCCLKConfig
                0x08004dd4                RCC_RTCCLKCmd
                0x08004de0                RCC_GetClocksFreq
                0x08004e74                RCC_AHBPeriphClockCmd
                0x08004e8c                RCC_APB2PeriphClockCmd
                0x08004ea4                RCC_APB1PeriphClockCmd
                0x08004ebc                RCC_APB2PeriphResetCmd
                0x08004ed4                RCC_APB1PeriphResetCmd
                0x08004eec                RCC_BackupResetCmd
                0x08004ef8                RCC_ClockSecuritySystemCmd
                0x08004f04                RCC_MCOConfig
                0x08004f10                RCC_GetFlagStatus
                0x08004f38                RCC_WaitForHSEStartUp
                0x08004f64                RCC_ClearFlag
                0x08004f74                RCC_GetITStatus
                0x08004f88                RCC_ClearITPendingBit
 .text          0x08004f94      0x23c ./STM32F10x_StdPeriph_Lib_V3.4.0/Libraries/STM32F10x_StdPeriph_Driver/src/stm32f10x_sdio.o
                0x08004f94                SDIO_DeInit
                0x08004fb8                SDIO_Init
                0x08004fec                SDIO_StructInit
                0x08004ffc                SDIO_ClockCmd
                0x08005008                SDIO_SetPowerState
                0x08005020                SDIO_GetPowerState
                0x08005030                SDIO_ITConfig
                0x08005048                SDIO_DMACmd
                0x08005054                SDIO_SendCommand
                0x08005084                SDIO_CmdStructInit
                0x08005092                SDIO_GetCommandResponse
                0x080050a0                SDIO_GetResponse
                0x080050b8                SDIO_DataConfig
                0x080050e4                SDIO_DataStructInit
                0x080050f8                SDIO_GetDataCounter
                0x08005104                SDIO_ReadData
                0x08005110                SDIO_WriteData
                0x0800511c                SDIO_GetFIFOCount
                0x08005128                SDIO_StartSDIOReadWait
                0x08005134                SDIO_StopSDIOReadWait
                0x08005140                SDIO_SetSDIOReadWaitMode
                0x0800514c                SDIO_SetSDIOOperation
                0x08005158                SDIO_SendSDIOSuspendCmd
                0x08005164                SDIO_CommandCompletionCmd
                0x08005170                SDIO_CEATAITCmd
                0x08005184                SDIO_SendCEATACmd
                0x08005190                SDIO_GetFlagStatus
                0x080051a4                SDIO_ClearFlag
                0x080051b0                SDIO_GetITStatus
                0x080051c4                SDIO_ClearITPendingBit
 .text          0x080051d0      0x2e0 ./STM32F10x_StdPeriph_Lib_V3.4.0/Libraries/STM32F10x_StdPeriph_Driver/src/stm32f10x_spi.o
                0x080051d0                SPI_I2S_DeInit
                0x08005234                SPI_Init
                0x08005276                I2S_Init
                0x0800531c                SPI_StructInit
                0x08005334                I2S_StructInit
                0x08005346                SPI_Cmd
                0x08005360                I2S_Cmd
                0x0800537a                SPI_I2S_ITConfig
                0x08005398                SPI_I2S_DMACmd
                0x080053ae                SPI_I2S_SendData
                0x080053b2                SPI_I2S_ReceiveData
                0x080053b8                SPI_NSSInternalSoftwareConfig
                0x080053d8                SPI_SSOutputCmd
                0x080053f2                SPI_DataSizeConfig
                0x0800540a                SPI_TransmitCRC
                0x08005416                SPI_CalculateCRC
                0x08005430                SPI_GetCRC
                0x08005440                SPI_GetCRCPolynomial
                0x08005446                SPI_BiDirectionalLineConfig
                0x08005464                SPI_I2S_GetFlagStatus
                0x08005470                SPI_I2S_ClearFlag
                0x08005478                SPI_I2S_GetITStatus
                0x0800549e                SPI_I2S_ClearITPendingBit
 .text          0x080054b0       0xb4 c:/program files/codesourcery/sourcery g++ lite/bin/../lib/gcc/arm-none-eabi/4.5.1/../../../../arm-none-eabi/lib/thumb2\libc.a(lib_a-memset.o)
                0x080054b0                memset
 *(.text.*)
 .text.Reset_Handler
                0x08005564       0x40 ./startup_stm32f10x_md.o
                0x08005564                Reset_Handler
 .text.Default_Handler
                0x080055a4        0x2 ./startup_stm32f10x_md.o
                0x080055a4                EXTI2_IRQHandler
                0x080055a4                TIM8_CC_IRQHandler
                0x080055a4                TIM1_CC_IRQHandler
                0x080055a4                TIM6_IRQHandler
                0x080055a4                PVD_IRQHandler
                0x080055a4                EXTI3_IRQHandler
                0x080055a4                TIM8_TRG_COM_TIM14_IRQHandler
                0x080055a4                TIM1_UP_TIM10_IRQHandler
                0x080055a4                TIM8_UP_TIM13_IRQHandler
                0x080055a4                EXTI0_IRQHandler
                0x080055a4                I2C2_EV_IRQHandler
                0x080055a4                ADC1_2_IRQHandler
                0x080055a4                SPI1_IRQHandler
                0x080055a4                TAMPER_IRQHandler
                0x080055a4                TIM1_BRK_TIM9_IRQHandler
                0x080055a4                DMA2_Channel2_IRQHandler
                0x080055a4                DMA1_Channel4_IRQHandler
                0x080055a4                USART3_IRQHandler
                0x080055a4                RTC_IRQHandler
                0x080055a4                DMA1_Channel7_IRQHandler
                0x080055a4                CAN1_RX1_IRQHandler
                0x080055a4                UART5_IRQHandler
                0x080055a4                ADC3_IRQHandler
                0x080055a4                TIM4_IRQHandler
                0x080055a4                DMA2_Channel1_IRQHandler
                0x080055a4                I2C1_EV_IRQHandler
                0x080055a4                DMA1_Channel6_IRQHandler
                0x080055a4                UART4_IRQHandler
                0x080055a4                TIM3_IRQHandler
                0x080055a4                RCC_IRQHandler
                0x080055a4                TIM8_BRK_TIM12_IRQHandler
                0x080055a4                DMA1_Channel1_IRQHandler
                0x080055a4                Default_Handler
                0x080055a4                EXTI15_10_IRQHandler
                0x080055a4                TIM7_IRQHandler
                0x080055a4                TIM5_IRQHandler
                0x080055a4                EXTI9_5_IRQHandler
                0x080055a4                SPI2_IRQHandler
                0x080055a4                DMA1_Channel5_IRQHandler
                0x080055a4                EXTI4_IRQHandler
                0x080055a4                USB_LP_CAN1_RX0_IRQHandler
                0x080055a4                USB_HP_CAN1_TX_IRQHandler
                0x080055a4                DMA1_Channel3_IRQHandler
                0x080055a4                FSMC_IRQHandler
                0x080055a4                WWDG_IRQHandler
                0x080055a4                TIM2_IRQHandler
                0x080055a4                TIM1_TRG_COM_TIM11_IRQHandler
                0x080055a4                EXTI1_IRQHandler
                0x080055a4                RTCAlarm_IRQHandler
                0x080055a4                DMA2_Channel4_5_IRQHandler
                0x080055a4                USART2_IRQHandler
                0x080055a4                DMA1_Channel2_IRQHandler
                0x080055a4                CAN1_SCE_IRQHandler
                0x080055a4                FLASH_IRQHandler
                0x080055a4                USART1_IRQHandler
                0x080055a4                SPI3_IRQHandler
                0x080055a4                I2C1_ER_IRQHandler
                0x080055a4                USBWakeUp_IRQHandler
                0x080055a4                DMA2_Channel3_IRQHandler
 *(.rodata)
 .rodata        0x080055a6       0x84 ./fatfs/ff.o
 *(.rodata*)
 .rodata.str1.1
                0x0800562a        0x9 ./src/main.o
 .rodata.str1.1
                0x08005633        0xb ./fatfs/ff.o
 *(.glue_7)
 .glue_7        0x00000000        0x0 linker stubs
 *(.glue_7t)
 .glue_7t       0x00000000        0x0 linker stubs
                0x08005640                . = ALIGN (0x4)
 *fill*         0x0800563e        0x2 00
                0x08005640                _etext = .
                0x08005640                _sidata = _etext

.vfp11_veneer   0x08005640        0x0
 .vfp11_veneer  0x00000000        0x0 linker stubs

.v4_bx          0x08005640        0x0
 .v4_bx         0x00000000        0x0 linker stubs

.data           0x20000000       0x24 load address 0x08005640
                0x20000000                . = ALIGN (0x4)
                0x20000000                _sdata = .
 *(.data)
 .data          0x20000000        0x0 ./startup_stm32f10x_md.o
 .data          0x20000000        0x1 ./src/main.o
                0x20000000                Status
 .data          0x20000001        0x5 ./src/radio.o
 *fill*         0x20000006        0x2 00
 .data          0x20000008        0x8 ./src/sdcard.o
                0x2000000c                TransferError
 .data          0x20000010        0x0 ./src/stm32f10x_it.o
 .data          0x20000010        0x0 ./src/vs1003.o
 .data          0x20000010        0x0 ./fatfs/diskio.o
 .data          0x20000010        0x0 ./fatfs/ff.o
 .data          0x20000010        0x0 ./STM32F10x_StdPeriph_Lib_V3.4.0/Libraries/STM32F10x_StdPeriph_Driver/src/misc.o
 .data          0x20000010        0x0 ./STM32F10x_StdPeriph_Lib_V3.4.0/Libraries/STM32F10x_StdPeriph_Driver/src/stm32f10x_adc.o
 .data          0x20000010        0x0 ./STM32F10x_StdPeriph_Lib_V3.4.0/Libraries/STM32F10x_StdPeriph_Driver/src/stm32f10x_bkp.o
 .data          0x20000010        0x0 ./STM32F10x_StdPeriph_Lib_V3.4.0/Libraries/STM32F10x_StdPeriph_Driver/src/stm32f10x_can.o
 .data          0x20000010        0x0 ./STM32F10x_StdPeriph_Lib_V3.4.0/Libraries/STM32F10x_StdPeriph_Driver/src/stm32f10x_cec.o
 .data          0x20000010        0x0 ./STM32F10x_StdPeriph_Lib_V3.4.0/Libraries/STM32F10x_StdPeriph_Driver/src/stm32f10x_crc.o
 .data          0x20000010        0x0 ./STM32F10x_StdPeriph_Lib_V3.4.0/Libraries/STM32F10x_StdPeriph_Driver/src/stm32f10x_dac.o
 .data          0x20000010        0x0 ./STM32F10x_StdPeriph_Lib_V3.4.0/Libraries/STM32F10x_StdPeriph_Driver/src/stm32f10x_dbgmcu.o
 .data          0x20000010        0x0 ./STM32F10x_StdPeriph_Lib_V3.4.0/Libraries/STM32F10x_StdPeriph_Driver/src/stm32f10x_dma.o
 .data          0x20000010        0x0 ./STM32F10x_StdPeriph_Lib_V3.4.0/Libraries/STM32F10x_StdPeriph_Driver/src/stm32f10x_exti.o
 .data          0x20000010        0x0 ./STM32F10x_StdPeriph_Lib_V3.4.0/Libraries/STM32F10x_StdPeriph_Driver/src/stm32f10x_flash.o
 .data          0x20000010        0x0 ./STM32F10x_StdPeriph_Lib_V3.4.0/Libraries/STM32F10x_StdPeriph_Driver/src/stm32f10x_fsmc.o
 .data          0x20000010        0x0 ./STM32F10x_StdPeriph_Lib_V3.4.0/Libraries/STM32F10x_StdPeriph_Driver/src/stm32f10x_gpio.o
 .data          0x20000010        0x0 ./STM32F10x_StdPeriph_Lib_V3.4.0/Libraries/STM32F10x_StdPeriph_Driver/src/stm32f10x_i2c.o
 .data          0x20000010        0x0 ./STM32F10x_StdPeriph_Lib_V3.4.0/Libraries/STM32F10x_StdPeriph_Driver/src/stm32f10x_iwdg.o
 .data          0x20000010        0x0 ./STM32F10x_StdPeriph_Lib_V3.4.0/Libraries/STM32F10x_StdPeriph_Driver/src/stm32f10x_pwr.o
 .data          0x20000010       0x14 ./STM32F10x_StdPeriph_Lib_V3.4.0/Libraries/STM32F10x_StdPeriph_Driver/src/stm32f10x_rcc.o
 .data          0x20000024        0x0 ./STM32F10x_StdPeriph_Lib_V3.4.0/Libraries/STM32F10x_StdPeriph_Driver/src/stm32f10x_rtc.o
 .data          0x20000024        0x0 ./STM32F10x_StdPeriph_Lib_V3.4.0/Libraries/STM32F10x_StdPeriph_Driver/src/stm32f10x_sdio.o
 .data          0x20000024        0x0 ./STM32F10x_StdPeriph_Lib_V3.4.0/Libraries/STM32F10x_StdPeriph_Driver/src/stm32f10x_spi.o
 .data          0x20000024        0x0 ./STM32F10x_StdPeriph_Lib_V3.4.0/Libraries/STM32F10x_StdPeriph_Driver/src/stm32f10x_tim.o
 .data          0x20000024        0x0 ./STM32F10x_StdPeriph_Lib_V3.4.0/Libraries/STM32F10x_StdPeriph_Driver/src/stm32f10x_usart.o
 .data          0x20000024        0x0 ./STM32F10x_StdPeriph_Lib_V3.4.0/Libraries/STM32F10x_StdPeriph_Driver/src/stm32f10x_wwdg.o
 .data          0x20000024        0x0 ./STM32F10x_StdPeriph_Lib_V3.4.0/Libraries/CMSIS/CM3/CoreSupport/core_cm3.o
 .data          0x20000024        0x0 c:/program files/codesourcery/sourcery g++ lite/bin/../lib/gcc/arm-none-eabi/4.5.1/../../../../arm-none-eabi/lib/thumb2\libc.a(lib_a-memset.o)
 *(.data.*)
                0x20000024                . = ALIGN (0x4)
                0x20000024                _edata = .

.bss            0x20000024      0x4e0 load address 0x08005664
                0x20000024                . = ALIGN (0x4)
                0x20000024                _sbss = .
 *(.bss)
 .bss           0x20000024        0x1 ./src/main.o
                0x20000024                State
 *fill*         0x20000025        0x3 00
 .bss           0x20000028       0x38 ./src/sdcard.o
                0x20000050                TransferEnd
                0x2000005c                NumberOfBytes
 .bss           0x20000060        0x8 ./fatfs/ff.o
 *(COMMON)
 COMMON         0x20000068      0x450 ./src/main.o
                0x20000068                SDCardInfo
                0x200000b8                buffer
 COMMON         0x200004b8       0x4c ./src/sdcard.o
                0x200004b8                SDIO_CmdInitStructure
                0x200004cc                DestBuffer
                0x200004d0                SDIO_InitStructure
                0x200004e8                SDIO_DataInitStructure
                0x20000500                SrcBuffer
                0x20000504                . = ALIGN (0x4)
                0x20000504                _ebss = .
                0x20000504                PROVIDE (end, _ebss)
                0x20000504                PROVIDE (_end, _ebss)

._usrstack      0x20000504      0x100 load address 0x08005b44
                0x20000504                . = ALIGN (0x4)
                0x20000504                _susrstack = .
                0x20000604                . = (. + _Minimum_Stack_Size)
 *fill*         0x20000504      0x100 00
                0x20000604                . = ALIGN (0x4)
                0x20000604                _eusrstack = .

DISCARD
 libc.a(*)
 libm.a(*)
 libgcc.a(*)

.stab
 *(.stab)

.stabstr
 *(.stabstr)

.stab.excl
 *(.stab.excl)

.stab.exclstr
 *(.stab.exclstr)

.stab.index
 *(.stab.index)

.stab.indexstr
 *(.stab.indexstr)

.ARM.attributes
                0x00000000       0x2d
 .ARM.attributes
                0x00000000       0x21 ./startup_stm32f10x_md.o
 .ARM.attributes
                0x00000021       0x31 ./src/main.o
 .ARM.attributes
                0x00000052       0x31 ./src/radio.o
 .ARM.attributes
                0x00000083       0x31 ./src/sdcard.o
 .ARM.attributes
                0x000000b4       0x31 ./src/stm32f10x_it.o
 .ARM.attributes
                0x000000e5       0x31 ./src/vs1003.o
 .ARM.attributes
                0x00000116       0x31 ./fatfs/diskio.o
 .ARM.attributes
                0x00000147       0x31 ./fatfs/ff.o
 .ARM.attributes
                0x00000178       0x31 ./STM32F10x_StdPeriph_Lib_V3.4.0/Libraries/STM32F10x_StdPeriph_Driver/src/misc.o
 .ARM.attributes
                0x000001a9       0x31 ./STM32F10x_StdPeriph_Lib_V3.4.0/Libraries/STM32F10x_StdPeriph_Driver/src/stm32f10x_adc.o
 .ARM.attributes
                0x000001da       0x31 ./STM32F10x_StdPeriph_Lib_V3.4.0/Libraries/STM32F10x_StdPeriph_Driver/src/stm32f10x_bkp.o
 .ARM.attributes
                0x0000020b       0x31 ./STM32F10x_StdPeriph_Lib_V3.4.0/Libraries/STM32F10x_StdPeriph_Driver/src/stm32f10x_can.o
 .ARM.attributes
                0x0000023c       0x31 ./STM32F10x_StdPeriph_Lib_V3.4.0/Libraries/STM32F10x_StdPeriph_Driver/src/stm32f10x_cec.o
 .ARM.attributes
                0x0000026d       0x31 ./STM32F10x_StdPeriph_Lib_V3.4.0/Libraries/STM32F10x_StdPeriph_Driver/src/stm32f10x_crc.o
 .ARM.attributes
                0x0000029e       0x31 ./STM32F10x_StdPeriph_Lib_V3.4.0/Libraries/STM32F10x_StdPeriph_Driver/src/stm32f10x_dac.o
 .ARM.attributes
                0x000002cf       0x31 ./STM32F10x_StdPeriph_Lib_V3.4.0/Libraries/STM32F10x_StdPeriph_Driver/src/stm32f10x_dbgmcu.o
 .ARM.attributes
                0x00000300       0x31 ./STM32F10x_StdPeriph_Lib_V3.4.0/Libraries/STM32F10x_StdPeriph_Driver/src/stm32f10x_dma.o
 .ARM.attributes
                0x00000331       0x31 ./STM32F10x_StdPeriph_Lib_V3.4.0/Libraries/STM32F10x_StdPeriph_Driver/src/stm32f10x_exti.o
 .ARM.attributes
                0x00000362       0x31 ./STM32F10x_StdPeriph_Lib_V3.4.0/Libraries/STM32F10x_StdPeriph_Driver/src/stm32f10x_flash.o
 .ARM.attributes
                0x00000393       0x31 ./STM32F10x_StdPeriph_Lib_V3.4.0/Libraries/STM32F10x_StdPeriph_Driver/src/stm32f10x_fsmc.o
 .ARM.attributes
                0x000003c4       0x31 ./STM32F10x_StdPeriph_Lib_V3.4.0/Libraries/STM32F10x_StdPeriph_Driver/src/stm32f10x_gpio.o
 .ARM.attributes
                0x000003f5       0x31 ./STM32F10x_StdPeriph_Lib_V3.4.0/Libraries/STM32F10x_StdPeriph_Driver/src/stm32f10x_i2c.o
 .ARM.attributes
                0x00000426       0x31 ./STM32F10x_StdPeriph_Lib_V3.4.0/Libraries/STM32F10x_StdPeriph_Driver/src/stm32f10x_iwdg.o
 .ARM.attributes
                0x00000457       0x31 ./STM32F10x_StdPeriph_Lib_V3.4.0/Libraries/STM32F10x_StdPeriph_Driver/src/stm32f10x_pwr.o
 .ARM.attributes
                0x00000488       0x31 ./STM32F10x_StdPeriph_Lib_V3.4.0/Libraries/STM32F10x_StdPeriph_Driver/src/stm32f10x_rcc.o
 .ARM.attributes
                0x000004b9       0x31 ./STM32F10x_StdPeriph_Lib_V3.4.0/Libraries/STM32F10x_StdPeriph_Driver/src/stm32f10x_rtc.o
 .ARM.attributes
                0x000004ea       0x31 ./STM32F10x_StdPeriph_Lib_V3.4.0/Libraries/STM32F10x_StdPeriph_Driver/src/stm32f10x_sdio.o
 .ARM.attributes
                0x0000051b       0x31 ./STM32F10x_StdPeriph_Lib_V3.4.0/Libraries/STM32F10x_StdPeriph_Driver/src/stm32f10x_spi.o
 .ARM.attributes
                0x0000054c       0x31 ./STM32F10x_StdPeriph_Lib_V3.4.0/Libraries/STM32F10x_StdPeriph_Driver/src/stm32f10x_tim.o
 .ARM.attributes
                0x0000057d       0x31 ./STM32F10x_StdPeriph_Lib_V3.4.0/Libraries/STM32F10x_StdPeriph_Driver/src/stm32f10x_usart.o
 .ARM.attributes
                0x000005ae       0x31 ./STM32F10x_StdPeriph_Lib_V3.4.0/Libraries/STM32F10x_StdPeriph_Driver/src/stm32f10x_wwdg.o
 .ARM.attributes
                0x000005df       0x31 ./STM32F10x_StdPeriph_Lib_V3.4.0/Libraries/CMSIS/CM3/CoreSupport/core_cm3.o
 .ARM.attributes
                0x00000610       0x29 c:/program files/codesourcery/sourcery g++ lite/bin/../lib/gcc/arm-none-eabi/4.5.1/../../../../arm-none-eabi/lib/thumb2\libc.a(lib_a-memset.o)

.comment        0x00000000       0x2a
 *(.comment)
 .comment       0x00000000       0x2a ./src/main.o
                                 0x2b (size before relaxing)
 .comment       0x00000000       0x2b ./src/radio.o
 .comment       0x00000000       0x2b ./src/sdcard.o
 .comment       0x00000000       0x2b ./src/stm32f10x_it.o
 .comment       0x00000000       0x2b ./src/vs1003.o
 .comment       0x00000000       0x2b ./fatfs/diskio.o
 .comment       0x00000000       0x2b ./fatfs/ff.o
 .comment       0x00000000       0x2b ./STM32F10x_StdPeriph_Lib_V3.4.0/Libraries/STM32F10x_StdPeriph_Driver/src/misc.o
 .comment       0x00000000       0x2b ./STM32F10x_StdPeriph_Lib_V3.4.0/Libraries/STM32F10x_StdPeriph_Driver/src/stm32f10x_adc.o
 .comment       0x00000000       0x2b ./STM32F10x_StdPeriph_Lib_V3.4.0/Libraries/STM32F10x_StdPeriph_Driver/src/stm32f10x_bkp.o
 .comment       0x00000000       0x2b ./STM32F10x_StdPeriph_Lib_V3.4.0/Libraries/STM32F10x_StdPeriph_Driver/src/stm32f10x_can.o
 .comment       0x00000000       0x2b ./STM32F10x_StdPeriph_Lib_V3.4.0/Libraries/STM32F10x_StdPeriph_Driver/src/stm32f10x_cec.o
 .comment       0x00000000       0x2b ./STM32F10x_StdPeriph_Lib_V3.4.0/Libraries/STM32F10x_StdPeriph_Driver/src/stm32f10x_crc.o
 .comment       0x00000000       0x2b ./STM32F10x_StdPeriph_Lib_V3.4.0/Libraries/STM32F10x_StdPeriph_Driver/src/stm32f10x_dac.o
 .comment       0x00000000       0x2b ./STM32F10x_StdPeriph_Lib_V3.4.0/Libraries/STM32F10x_StdPeriph_Driver/src/stm32f10x_dbgmcu.o
 .comment       0x00000000       0x2b ./STM32F10x_StdPeriph_Lib_V3.4.0/Libraries/STM32F10x_StdPeriph_Driver/src/stm32f10x_dma.o
 .comment       0x00000000       0x2b ./STM32F10x_StdPeriph_Lib_V3.4.0/Libraries/STM32F10x_StdPeriph_Driver/src/stm32f10x_exti.o
 .comment       0x00000000       0x2b ./STM32F10x_StdPeriph_Lib_V3.4.0/Libraries/STM32F10x_StdPeriph_Driver/src/stm32f10x_flash.o
 .comment       0x00000000       0x2b ./STM32F10x_StdPeriph_Lib_V3.4.0/Libraries/STM32F10x_StdPeriph_Driver/src/stm32f10x_fsmc.o
 .comment       0x00000000       0x2b ./STM32F10x_StdPeriph_Lib_V3.4.0/Libraries/STM32F10x_StdPeriph_Driver/src/stm32f10x_gpio.o
 .comment       0x00000000       0x2b ./STM32F10x_StdPeriph_Lib_V3.4.0/Libraries/STM32F10x_StdPeriph_Driver/src/stm32f10x_i2c.o
 .comment       0x00000000       0x2b ./STM32F10x_StdPeriph_Lib_V3.4.0/Libraries/STM32F10x_StdPeriph_Driver/src/stm32f10x_iwdg.o
 .comment       0x00000000       0x2b ./STM32F10x_StdPeriph_Lib_V3.4.0/Libraries/STM32F10x_StdPeriph_Driver/src/stm32f10x_pwr.o
 .comment       0x00000000       0x2b ./STM32F10x_StdPeriph_Lib_V3.4.0/Libraries/STM32F10x_StdPeriph_Driver/src/stm32f10x_rcc.o
 .comment       0x00000000       0x2b ./STM32F10x_StdPeriph_Lib_V3.4.0/Libraries/STM32F10x_StdPeriph_Driver/src/stm32f10x_rtc.o
 .comment       0x00000000       0x2b ./STM32F10x_StdPeriph_Lib_V3.4.0/Libraries/STM32F10x_StdPeriph_Driver/src/stm32f10x_sdio.o
 .comment       0x00000000       0x2b ./STM32F10x_StdPeriph_Lib_V3.4.0/Libraries/STM32F10x_StdPeriph_Driver/src/stm32f10x_spi.o
 .comment       0x00000000       0x2b ./STM32F10x_StdPeriph_Lib_V3.4.0/Libraries/STM32F10x_StdPeriph_Driver/src/stm32f10x_tim.o
 .comment       0x00000000       0x2b ./STM32F10x_StdPeriph_Lib_V3.4.0/Libraries/STM32F10x_StdPeriph_Driver/src/stm32f10x_usart.o
 .comment       0x00000000       0x2b ./STM32F10x_StdPeriph_Lib_V3.4.0/Libraries/STM32F10x_StdPeriph_Driver/src/stm32f10x_wwdg.o
 .comment       0x00000000       0x2b ./STM32F10x_StdPeriph_Lib_V3.4.0/Libraries/CMSIS/CM3/CoreSupport/core_cm3.o

.debug
 *(.debug)

.line
 *(.line)

.debug_srcinfo
 *(.debug_srcinfo)

.debug_sfnames
 *(.debug_sfnames)

.debug_aranges  0x00000000      0x408
 *(.debug_aranges)
 .debug_aranges
                0x00000000       0x28 ./startup_stm32f10x_md.o
 .debug_aranges
                0x00000028       0x20 ./src/main.o
 .debug_aranges
                0x00000048       0x20 ./src/radio.o
 .debug_aranges
                0x00000068       0x20 ./src/sdcard.o
 .debug_aranges
                0x00000088       0x20 ./src/stm32f10x_it.o
 .debug_aranges
                0x000000a8       0x20 ./src/vs1003.o
 .debug_aranges
                0x000000c8       0x20 ./fatfs/diskio.o
 .debug_aranges
                0x000000e8       0x20 ./fatfs/ff.o
 .debug_aranges
                0x00000108       0x20 ./STM32F10x_StdPeriph_Lib_V3.4.0/Libraries/STM32F10x_StdPeriph_Driver/src/misc.o
 .debug_aranges
                0x00000128       0x20 ./STM32F10x_StdPeriph_Lib_V3.4.0/Libraries/STM32F10x_StdPeriph_Driver/src/stm32f10x_adc.o
 .debug_aranges
                0x00000148       0x20 ./STM32F10x_StdPeriph_Lib_V3.4.0/Libraries/STM32F10x_StdPeriph_Driver/src/stm32f10x_bkp.o
 .debug_aranges
                0x00000168       0x20 ./STM32F10x_StdPeriph_Lib_V3.4.0/Libraries/STM32F10x_StdPeriph_Driver/src/stm32f10x_can.o
 .debug_aranges
                0x00000188       0x20 ./STM32F10x_StdPeriph_Lib_V3.4.0/Libraries/STM32F10x_StdPeriph_Driver/src/stm32f10x_cec.o
 .debug_aranges
                0x000001a8       0x20 ./STM32F10x_StdPeriph_Lib_V3.4.0/Libraries/STM32F10x_StdPeriph_Driver/src/stm32f10x_crc.o
 .debug_aranges
                0x000001c8       0x20 ./STM32F10x_StdPeriph_Lib_V3.4.0/Libraries/STM32F10x_StdPeriph_Driver/src/stm32f10x_dac.o
 .debug_aranges
                0x000001e8       0x20 ./STM32F10x_StdPeriph_Lib_V3.4.0/Libraries/STM32F10x_StdPeriph_Driver/src/stm32f10x_dbgmcu.o
 .debug_aranges
                0x00000208       0x20 ./STM32F10x_StdPeriph_Lib_V3.4.0/Libraries/STM32F10x_StdPeriph_Driver/src/stm32f10x_dma.o
 .debug_aranges
                0x00000228       0x20 ./STM32F10x_StdPeriph_Lib_V3.4.0/Libraries/STM32F10x_StdPeriph_Driver/src/stm32f10x_exti.o
 .debug_aranges
                0x00000248       0x20 ./STM32F10x_StdPeriph_Lib_V3.4.0/Libraries/STM32F10x_StdPeriph_Driver/src/stm32f10x_flash.o
 .debug_aranges
                0x00000268       0x20 ./STM32F10x_StdPeriph_Lib_V3.4.0/Libraries/STM32F10x_StdPeriph_Driver/src/stm32f10x_fsmc.o
 .debug_aranges
                0x00000288       0x20 ./STM32F10x_StdPeriph_Lib_V3.4.0/Libraries/STM32F10x_StdPeriph_Driver/src/stm32f10x_gpio.o
 .debug_aranges
                0x000002a8       0x20 ./STM32F10x_StdPeriph_Lib_V3.4.0/Libraries/STM32F10x_StdPeriph_Driver/src/stm32f10x_i2c.o
 .debug_aranges
                0x000002c8       0x20 ./STM32F10x_StdPeriph_Lib_V3.4.0/Libraries/STM32F10x_StdPeriph_Driver/src/stm32f10x_iwdg.o
 .debug_aranges
                0x000002e8       0x20 ./STM32F10x_StdPeriph_Lib_V3.4.0/Libraries/STM32F10x_StdPeriph_Driver/src/stm32f10x_pwr.o
 .debug_aranges
                0x00000308       0x20 ./STM32F10x_StdPeriph_Lib_V3.4.0/Libraries/STM32F10x_StdPeriph_Driver/src/stm32f10x_rcc.o
 .debug_aranges
                0x00000328       0x20 ./STM32F10x_StdPeriph_Lib_V3.4.0/Libraries/STM32F10x_StdPeriph_Driver/src/stm32f10x_rtc.o
 .debug_aranges
                0x00000348       0x20 ./STM32F10x_StdPeriph_Lib_V3.4.0/Libraries/STM32F10x_StdPeriph_Driver/src/stm32f10x_sdio.o
 .debug_aranges
                0x00000368       0x20 ./STM32F10x_StdPeriph_Lib_V3.4.0/Libraries/STM32F10x_StdPeriph_Driver/src/stm32f10x_spi.o
 .debug_aranges
                0x00000388       0x20 ./STM32F10x_StdPeriph_Lib_V3.4.0/Libraries/STM32F10x_StdPeriph_Driver/src/stm32f10x_tim.o
 .debug_aranges
                0x000003a8       0x20 ./STM32F10x_StdPeriph_Lib_V3.4.0/Libraries/STM32F10x_StdPeriph_Driver/src/stm32f10x_usart.o
 .debug_aranges
                0x000003c8       0x20 ./STM32F10x_StdPeriph_Lib_V3.4.0/Libraries/STM32F10x_StdPeriph_Driver/src/stm32f10x_wwdg.o
 .debug_aranges
                0x000003e8       0x20 ./STM32F10x_StdPeriph_Lib_V3.4.0/Libraries/CMSIS/CM3/CoreSupport/core_cm3.o

.debug_pubnames
                0x00000000     0x313a
 *(.debug_pubnames)
 .debug_pubnames
                0x00000000       0x8e ./src/main.o
 .debug_pubnames
                0x0000008e       0x5f ./src/radio.o
 .debug_pubnames
                0x000000ed      0x213 ./src/sdcard.o
 .debug_pubnames
                0x00000300       0xf1 ./src/stm32f10x_it.o
 .debug_pubnames
                0x000003f1       0xea ./src/vs1003.o
 .debug_pubnames
                0x000004db       0x72 ./fatfs/diskio.o
 .debug_pubnames
                0x0000054d       0xe5 ./fatfs/ff.o
 .debug_pubnames
                0x00000632       0x89 ./STM32F10x_StdPeriph_Lib_V3.4.0/Libraries/STM32F10x_StdPeriph_Driver/src/misc.o
 .debug_pubnames
                0x000006bb      0x401 ./STM32F10x_StdPeriph_Lib_V3.4.0/Libraries/STM32F10x_StdPeriph_Driver/src/stm32f10x_adc.o
 .debug_pubnames
                0x00000abc      0x128 ./STM32F10x_StdPeriph_Lib_V3.4.0/Libraries/STM32F10x_StdPeriph_Driver/src/stm32f10x_bkp.o
 .debug_pubnames
                0x00000be4      0x17b ./STM32F10x_StdPeriph_Lib_V3.4.0/Libraries/STM32F10x_StdPeriph_Driver/src/stm32f10x_can.o
 .debug_pubnames
                0x00000d5f      0x12b ./STM32F10x_StdPeriph_Lib_V3.4.0/Libraries/STM32F10x_StdPeriph_Driver/src/stm32f10x_cec.o
 .debug_pubnames
                0x00000e8a       0x82 ./STM32F10x_StdPeriph_Lib_V3.4.0/Libraries/STM32F10x_StdPeriph_Driver/src/stm32f10x_crc.o
 .debug_pubnames
                0x00000f0c      0x116 ./STM32F10x_StdPeriph_Lib_V3.4.0/Libraries/STM32F10x_StdPeriph_Driver/src/stm32f10x_dac.o
 .debug_pubnames
                0x00001022       0x4c ./STM32F10x_StdPeriph_Lib_V3.4.0/Libraries/STM32F10x_StdPeriph_Driver/src/stm32f10x_dbgmcu.o
 .debug_pubnames
                0x0000106e       0xea ./STM32F10x_StdPeriph_Lib_V3.4.0/Libraries/STM32F10x_StdPeriph_Driver/src/stm32f10x_dma.o
 .debug_pubnames
                0x00001158       0xbb ./STM32F10x_StdPeriph_Lib_V3.4.0/Libraries/STM32F10x_StdPeriph_Driver/src/stm32f10x_exti.o
 .debug_pubnames
                0x00001213      0x2f2 ./STM32F10x_StdPeriph_Lib_V3.4.0/Libraries/STM32F10x_StdPeriph_Driver/src/stm32f10x_flash.o
 .debug_pubnames
                0x00001505      0x1a3 ./STM32F10x_StdPeriph_Lib_V3.4.0/Libraries/STM32F10x_StdPeriph_Driver/src/stm32f10x_fsmc.o
 .debug_pubnames
                0x000016a8      0x19d ./STM32F10x_StdPeriph_Lib_V3.4.0/Libraries/STM32F10x_StdPeriph_Driver/src/stm32f10x_gpio.o
 .debug_pubnames
                0x00001845      0x2b0 ./STM32F10x_StdPeriph_Lib_V3.4.0/Libraries/STM32F10x_StdPeriph_Driver/src/stm32f10x_i2c.o
 .debug_pubnames
                0x00001af5       0x91 ./STM32F10x_StdPeriph_Lib_V3.4.0/Libraries/STM32F10x_StdPeriph_Driver/src/stm32f10x_iwdg.o
 .debug_pubnames
                0x00001b86       0xcb ./STM32F10x_StdPeriph_Lib_V3.4.0/Libraries/STM32F10x_StdPeriph_Driver/src/stm32f10x_pwr.o
 .debug_pubnames
                0x00001c51      0x2c4 ./STM32F10x_StdPeriph_Lib_V3.4.0/Libraries/STM32F10x_StdPeriph_Driver/src/stm32f10x_rcc.o
 .debug_pubnames
                0x00001f15      0x136 ./STM32F10x_StdPeriph_Lib_V3.4.0/Libraries/STM32F10x_StdPeriph_Driver/src/stm32f10x_rtc.o
 .debug_pubnames
                0x0000204b      0x2ac ./STM32F10x_StdPeriph_Lib_V3.4.0/Libraries/STM32F10x_StdPeriph_Driver/src/stm32f10x_sdio.o
 .debug_pubnames
                0x000022f7      0x1f6 ./STM32F10x_StdPeriph_Lib_V3.4.0/Libraries/STM32F10x_StdPeriph_Driver/src/stm32f10x_spi.o
 .debug_pubnames
                0x000024ed      0x7b0 ./STM32F10x_StdPeriph_Lib_V3.4.0/Libraries/STM32F10x_StdPeriph_Driver/src/stm32f10x_tim.o
 .debug_pubnames
                0x00002c9d      0x294 ./STM32F10x_StdPeriph_Lib_V3.4.0/Libraries/STM32F10x_StdPeriph_Driver/src/stm32f10x_usart.o
 .debug_pubnames
                0x00002f31       0xb0 ./STM32F10x_StdPeriph_Lib_V3.4.0/Libraries/STM32F10x_StdPeriph_Driver/src/stm32f10x_wwdg.o
 .debug_pubnames
                0x00002fe1      0x159 ./STM32F10x_StdPeriph_Lib_V3.4.0/Libraries/CMSIS/CM3/CoreSupport/core_cm3.o

.debug_info     0x00000000    0x103be
 *(.debug_info .gnu.linkonce.wi.*)
 .debug_info    0x00000000       0x5c ./startup_stm32f10x_md.o
 .debug_info    0x0000005c      0xe2d ./src/main.o
 .debug_info    0x00000e89      0x762 ./src/radio.o
 .debug_info    0x000015eb     0x16b2 ./src/sdcard.o
 .debug_info    0x00002c9d      0x35e ./src/stm32f10x_it.o
 .debug_info    0x00002ffb      0x5f8 ./src/vs1003.o
 .debug_info    0x000035f3      0x27f ./fatfs/diskio.o
 .debug_info    0x00003872     0x18c6 ./fatfs/ff.o
 .debug_info    0x00005138      0x548 ./STM32F10x_StdPeriph_Lib_V3.4.0/Libraries/STM32F10x_StdPeriph_Driver/src/misc.o
 .debug_info    0x00005680      0xbed ./STM32F10x_StdPeriph_Lib_V3.4.0/Libraries/STM32F10x_StdPeriph_Driver/src/stm32f10x_adc.o
 .debug_info    0x0000626d      0x872 ./STM32F10x_StdPeriph_Lib_V3.4.0/Libraries/STM32F10x_StdPeriph_Driver/src/stm32f10x_bkp.o
 .debug_info    0x00006adf      0xb04 ./STM32F10x_StdPeriph_Lib_V3.4.0/Libraries/STM32F10x_StdPeriph_Driver/src/stm32f10x_can.o
 .debug_info    0x000075e3      0x439 ./STM32F10x_StdPeriph_Lib_V3.4.0/Libraries/STM32F10x_StdPeriph_Driver/src/stm32f10x_cec.o
 .debug_info    0x00007a1c      0x200 ./STM32F10x_StdPeriph_Lib_V3.4.0/Libraries/STM32F10x_StdPeriph_Driver/src/stm32f10x_crc.o
 .debug_info    0x00007c1c      0x4db ./STM32F10x_StdPeriph_Lib_V3.4.0/Libraries/STM32F10x_StdPeriph_Driver/src/stm32f10x_dac.o
 .debug_info    0x000080f7      0x15b ./STM32F10x_StdPeriph_Lib_V3.4.0/Libraries/STM32F10x_StdPeriph_Driver/src/stm32f10x_dbgmcu.o
 .debug_info    0x00008252      0x499 ./STM32F10x_StdPeriph_Lib_V3.4.0/Libraries/STM32F10x_StdPeriph_Driver/src/stm32f10x_dma.o
 .debug_info    0x000086eb      0x35f ./STM32F10x_StdPeriph_Lib_V3.4.0/Libraries/STM32F10x_StdPeriph_Driver/src/stm32f10x_exti.o
 .debug_info    0x00008a4a      0x823 ./STM32F10x_StdPeriph_Lib_V3.4.0/Libraries/STM32F10x_StdPeriph_Driver/src/stm32f10x_flash.o
 .debug_info    0x0000926d      0x997 ./STM32F10x_StdPeriph_Lib_V3.4.0/Libraries/STM32F10x_StdPeriph_Driver/src/stm32f10x_fsmc.o
 .debug_info    0x00009c04      0x71d ./STM32F10x_StdPeriph_Lib_V3.4.0/Libraries/STM32F10x_StdPeriph_Driver/src/stm32f10x_gpio.o
 .debug_info    0x0000a321      0xb3c ./STM32F10x_StdPeriph_Lib_V3.4.0/Libraries/STM32F10x_StdPeriph_Driver/src/stm32f10x_i2c.o
 .debug_info    0x0000ae5d      0x1fd ./STM32F10x_StdPeriph_Lib_V3.4.0/Libraries/STM32F10x_StdPeriph_Driver/src/stm32f10x_iwdg.o
 .debug_info    0x0000b05a      0x45c ./STM32F10x_StdPeriph_Lib_V3.4.0/Libraries/STM32F10x_StdPeriph_Driver/src/stm32f10x_pwr.o
 .debug_info    0x0000b4b6      0x8e6 ./STM32F10x_StdPeriph_Lib_V3.4.0/Libraries/STM32F10x_StdPeriph_Driver/src/stm32f10x_rcc.o
 .debug_info    0x0000bd9c      0x46a ./STM32F10x_StdPeriph_Lib_V3.4.0/Libraries/STM32F10x_StdPeriph_Driver/src/stm32f10x_rtc.o
 .debug_info    0x0000c206      0x874 ./STM32F10x_StdPeriph_Lib_V3.4.0/Libraries/STM32F10x_StdPeriph_Driver/src/stm32f10x_sdio.o
 .debug_info    0x0000ca7a      0x95c ./STM32F10x_StdPeriph_Lib_V3.4.0/Libraries/STM32F10x_StdPeriph_Driver/src/stm32f10x_spi.o
 .debug_info    0x0000d3d6     0x1e14 ./STM32F10x_StdPeriph_Lib_V3.4.0/Libraries/STM32F10x_StdPeriph_Driver/src/stm32f10x_tim.o
 .debug_info    0x0000f1ea      0xa4e ./STM32F10x_StdPeriph_Lib_V3.4.0/Libraries/STM32F10x_StdPeriph_Driver/src/stm32f10x_usart.o
 .debug_info    0x0000fc38      0x237 ./STM32F10x_StdPeriph_Lib_V3.4.0/Libraries/STM32F10x_StdPeriph_Driver/src/stm32f10x_wwdg.o
 .debug_info    0x0000fe6f      0x54f ./STM32F10x_StdPeriph_Lib_V3.4.0/Libraries/CMSIS/CM3/CoreSupport/core_cm3.o

.debug_abbrev   0x00000000     0x3321
 *(.debug_abbrev)
 .debug_abbrev  0x00000000       0x12 ./startup_stm32f10x_md.o
 .debug_abbrev  0x00000012      0x20c ./src/main.o
 .debug_abbrev  0x0000021e      0x137 ./src/radio.o
 .debug_abbrev  0x00000355      0x321 ./src/sdcard.o
 .debug_abbrev  0x00000676       0xd7 ./src/stm32f10x_it.o
 .debug_abbrev  0x0000074d      0x1d1 ./src/vs1003.o
 .debug_abbrev  0x0000091e      0x101 ./fatfs/diskio.o
 .debug_abbrev  0x00000a1f      0x327 ./fatfs/ff.o
 .debug_abbrev  0x00000d46      0x15d ./STM32F10x_StdPeriph_Lib_V3.4.0/Libraries/STM32F10x_StdPeriph_Driver/src/misc.o
 .debug_abbrev  0x00000ea3      0x1d1 ./STM32F10x_StdPeriph_Lib_V3.4.0/Libraries/STM32F10x_StdPeriph_Driver/src/stm32f10x_adc.o
 .debug_abbrev  0x00001074      0x17e ./STM32F10x_StdPeriph_Lib_V3.4.0/Libraries/STM32F10x_StdPeriph_Driver/src/stm32f10x_bkp.o
 .debug_abbrev  0x000011f2      0x1fc ./STM32F10x_StdPeriph_Lib_V3.4.0/Libraries/STM32F10x_StdPeriph_Driver/src/stm32f10x_can.o
 .debug_abbrev  0x000013ee      0x1c6 ./STM32F10x_StdPeriph_Lib_V3.4.0/Libraries/STM32F10x_StdPeriph_Driver/src/stm32f10x_cec.o
 .debug_abbrev  0x000015b4      0x134 ./STM32F10x_StdPeriph_Lib_V3.4.0/Libraries/STM32F10x_StdPeriph_Driver/src/stm32f10x_crc.o
 .debug_abbrev  0x000016e8      0x1b7 ./STM32F10x_StdPeriph_Lib_V3.4.0/Libraries/STM32F10x_StdPeriph_Driver/src/stm32f10x_dac.o
 .debug_abbrev  0x0000189f       0xeb ./STM32F10x_StdPeriph_Lib_V3.4.0/Libraries/STM32F10x_StdPeriph_Driver/src/stm32f10x_dbgmcu.o
 .debug_abbrev  0x0000198a      0x176 ./STM32F10x_StdPeriph_Lib_V3.4.0/Libraries/STM32F10x_StdPeriph_Driver/src/stm32f10x_dma.o
 .debug_abbrev  0x00001b00      0x172 ./STM32F10x_StdPeriph_Lib_V3.4.0/Libraries/STM32F10x_StdPeriph_Driver/src/stm32f10x_exti.o
 .debug_abbrev  0x00001c72      0x1a8 ./STM32F10x_StdPeriph_Lib_V3.4.0/Libraries/STM32F10x_StdPeriph_Driver/src/stm32f10x_flash.o
 .debug_abbrev  0x00001e1a      0x1b4 ./STM32F10x_StdPeriph_Lib_V3.4.0/Libraries/STM32F10x_StdPeriph_Driver/src/stm32f10x_fsmc.o
 .debug_abbrev  0x00001fce      0x1db ./STM32F10x_StdPeriph_Lib_V3.4.0/Libraries/STM32F10x_StdPeriph_Driver/src/stm32f10x_gpio.o
 .debug_abbrev  0x000021a9      0x196 ./STM32F10x_StdPeriph_Lib_V3.4.0/Libraries/STM32F10x_StdPeriph_Driver/src/stm32f10x_i2c.o
 .debug_abbrev  0x0000233f      0x10b ./STM32F10x_StdPeriph_Lib_V3.4.0/Libraries/STM32F10x_StdPeriph_Driver/src/stm32f10x_iwdg.o
 .debug_abbrev  0x0000244a      0x1ec ./STM32F10x_StdPeriph_Lib_V3.4.0/Libraries/STM32F10x_StdPeriph_Driver/src/stm32f10x_pwr.o
 .debug_abbrev  0x00002636      0x1d2 ./STM32F10x_StdPeriph_Lib_V3.4.0/Libraries/STM32F10x_StdPeriph_Driver/src/stm32f10x_rcc.o
 .debug_abbrev  0x00002808      0x19d ./STM32F10x_StdPeriph_Lib_V3.4.0/Libraries/STM32F10x_StdPeriph_Driver/src/stm32f10x_rtc.o
 .debug_abbrev  0x000029a5      0x1fa ./STM32F10x_StdPeriph_Lib_V3.4.0/Libraries/STM32F10x_StdPeriph_Driver/src/stm32f10x_sdio.o
 .debug_abbrev  0x00002b9f      0x1b2 ./STM32F10x_StdPeriph_Lib_V3.4.0/Libraries/STM32F10x_StdPeriph_Driver/src/stm32f10x_spi.o
 .debug_abbrev  0x00002d51      0x23a ./STM32F10x_StdPeriph_Lib_V3.4.0/Libraries/STM32F10x_StdPeriph_Driver/src/stm32f10x_tim.o
 .debug_abbrev  0x00002f8b      0x1ab ./STM32F10x_StdPeriph_Lib_V3.4.0/Libraries/STM32F10x_StdPeriph_Driver/src/stm32f10x_usart.o
 .debug_abbrev  0x00003136      0x135 ./STM32F10x_StdPeriph_Lib_V3.4.0/Libraries/STM32F10x_StdPeriph_Driver/src/stm32f10x_wwdg.o
 .debug_abbrev  0x0000326b       0xb6 ./STM32F10x_StdPeriph_Lib_V3.4.0/Libraries/CMSIS/CM3/CoreSupport/core_cm3.o

.debug_line     0x00000000     0x99ba
 *(.debug_line)
 .debug_line    0x00000000       0x6d ./startup_stm32f10x_md.o
 .debug_line    0x0000006d      0x452 ./src/main.o
 .debug_line    0x000004bf      0x3d6 ./src/radio.o
 .debug_line    0x00000895      0xc1a ./src/sdcard.o
 .debug_line    0x000014af      0x404 ./src/stm32f10x_it.o
 .debug_line    0x000018b3      0x44e ./src/vs1003.o
 .debug_line    0x00001d01      0x53a ./fatfs/diskio.o
 .debug_line    0x0000223b      0xbce ./fatfs/ff.o
 .debug_line    0x00002e09      0x3d1 ./STM32F10x_StdPeriph_Lib_V3.4.0/Libraries/STM32F10x_StdPeriph_Driver/src/misc.o
 .debug_line    0x000031da      0x51a ./STM32F10x_StdPeriph_Lib_V3.4.0/Libraries/STM32F10x_StdPeriph_Driver/src/stm32f10x_adc.o
 .debug_line    0x000036f4      0x3fe ./STM32F10x_StdPeriph_Lib_V3.4.0/Libraries/STM32F10x_StdPeriph_Driver/src/stm32f10x_bkp.o
 .debug_line    0x00003af2      0x575 ./STM32F10x_StdPeriph_Lib_V3.4.0/Libraries/STM32F10x_StdPeriph_Driver/src/stm32f10x_can.o
 .debug_line    0x00004067      0x423 ./STM32F10x_StdPeriph_Lib_V3.4.0/Libraries/STM32F10x_StdPeriph_Driver/src/stm32f10x_cec.o
 .debug_line    0x0000448a      0x3e6 ./STM32F10x_StdPeriph_Lib_V3.4.0/Libraries/STM32F10x_StdPeriph_Driver/src/stm32f10x_crc.o
 .debug_line    0x00004870      0x427 ./STM32F10x_StdPeriph_Lib_V3.4.0/Libraries/STM32F10x_StdPeriph_Driver/src/stm32f10x_dac.o
 .debug_line    0x00004c97      0x3ce ./STM32F10x_StdPeriph_Lib_V3.4.0/Libraries/STM32F10x_StdPeriph_Driver/src/stm32f10x_dbgmcu.o
 .debug_line    0x00005065      0x430 ./STM32F10x_StdPeriph_Lib_V3.4.0/Libraries/STM32F10x_StdPeriph_Driver/src/stm32f10x_dma.o
 .debug_line    0x00005495      0x3f5 ./STM32F10x_StdPeriph_Lib_V3.4.0/Libraries/STM32F10x_StdPeriph_Driver/src/stm32f10x_exti.o
 .debug_line    0x0000588a      0x570 ./STM32F10x_StdPeriph_Lib_V3.4.0/Libraries/STM32F10x_StdPeriph_Driver/src/stm32f10x_flash.o
 .debug_line    0x00005dfa      0x51b ./STM32F10x_StdPeriph_Lib_V3.4.0/Libraries/STM32F10x_StdPeriph_Driver/src/stm32f10x_fsmc.o
 .debug_line    0x00006315      0x486 ./STM32F10x_StdPeriph_Lib_V3.4.0/Libraries/STM32F10x_StdPeriph_Driver/src/stm32f10x_gpio.o
 .debug_line    0x0000679b      0x4ed ./STM32F10x_StdPeriph_Lib_V3.4.0/Libraries/STM32F10x_StdPeriph_Driver/src/stm32f10x_i2c.o
 .debug_line    0x00006c88      0x3d9 ./STM32F10x_StdPeriph_Lib_V3.4.0/Libraries/STM32F10x_StdPeriph_Driver/src/stm32f10x_iwdg.o
 .debug_line    0x00007061      0x411 ./STM32F10x_StdPeriph_Lib_V3.4.0/Libraries/STM32F10x_StdPeriph_Driver/src/stm32f10x_pwr.o
 .debug_line    0x00007472      0x4ba ./STM32F10x_StdPeriph_Lib_V3.4.0/Libraries/STM32F10x_StdPeriph_Driver/src/stm32f10x_rcc.o
 .debug_line    0x0000792c      0x42a ./STM32F10x_StdPeriph_Lib_V3.4.0/Libraries/STM32F10x_StdPeriph_Driver/src/stm32f10x_rtc.o
 .debug_line    0x00007d56      0x497 ./STM32F10x_StdPeriph_Lib_V3.4.0/Libraries/STM32F10x_StdPeriph_Driver/src/stm32f10x_sdio.o
 .debug_line    0x000081ed      0x4c3 ./STM32F10x_StdPeriph_Lib_V3.4.0/Libraries/STM32F10x_StdPeriph_Driver/src/stm32f10x_spi.o
 .debug_line    0x000086b0      0x83b ./STM32F10x_StdPeriph_Lib_V3.4.0/Libraries/STM32F10x_StdPeriph_Driver/src/stm32f10x_tim.o
 .debug_line    0x00008eeb      0x516 ./STM32F10x_StdPeriph_Lib_V3.4.0/Libraries/STM32F10x_StdPeriph_Driver/src/stm32f10x_usart.o
 .debug_line    0x00009401      0x3e9 ./STM32F10x_StdPeriph_Lib_V3.4.0/Libraries/STM32F10x_StdPeriph_Driver/src/stm32f10x_wwdg.o
 .debug_line    0x000097ea      0x1d0 ./STM32F10x_StdPeriph_Lib_V3.4.0/Libraries/CMSIS/CM3/CoreSupport/core_cm3.o

.debug_frame    0x00000000     0x3150
 *(.debug_frame)
 .debug_frame   0x00000000       0xbc ./src/main.o
 .debug_frame   0x000000bc       0xb0 ./src/radio.o
 .debug_frame   0x0000016c      0x3a0 ./src/sdcard.o
 .debug_frame   0x0000050c       0xd8 ./src/stm32f10x_it.o
 .debug_frame   0x000005e4      0x158 ./src/vs1003.o
 .debug_frame   0x0000073c       0x88 ./fatfs/diskio.o
 .debug_frame   0x000007c4      0x4f4 ./fatfs/ff.o
 .debug_frame   0x00000cb8       0x6c ./STM32F10x_StdPeriph_Lib_V3.4.0/Libraries/STM32F10x_StdPeriph_Driver/src/misc.o
 .debug_frame   0x00000d24      0x290 ./STM32F10x_StdPeriph_Lib_V3.4.0/Libraries/STM32F10x_StdPeriph_Driver/src/stm32f10x_adc.o
 .debug_frame   0x00000fb4       0xe4 ./STM32F10x_StdPeriph_Lib_V3.4.0/Libraries/STM32F10x_StdPeriph_Driver/src/stm32f10x_bkp.o
 .debug_frame   0x00001098      0x198 ./STM32F10x_StdPeriph_Lib_V3.4.0/Libraries/STM32F10x_StdPeriph_Driver/src/stm32f10x_can.o
 .debug_frame   0x00001230      0x108 ./STM32F10x_StdPeriph_Lib_V3.4.0/Libraries/STM32F10x_StdPeriph_Driver/src/stm32f10x_cec.o
 .debug_frame   0x00001338       0x7c ./STM32F10x_StdPeriph_Lib_V3.4.0/Libraries/STM32F10x_StdPeriph_Driver/src/stm32f10x_crc.o
 .debug_frame   0x000013b4       0xf4 ./STM32F10x_StdPeriph_Lib_V3.4.0/Libraries/STM32F10x_StdPeriph_Driver/src/stm32f10x_dac.o
 .debug_frame   0x000014a8       0x40 ./STM32F10x_StdPeriph_Lib_V3.4.0/Libraries/STM32F10x_StdPeriph_Driver/src/stm32f10x_dbgmcu.o
 .debug_frame   0x000014e8       0xcc ./STM32F10x_StdPeriph_Lib_V3.4.0/Libraries/STM32F10x_StdPeriph_Driver/src/stm32f10x_dma.o
 .debug_frame   0x000015b4       0x9c ./STM32F10x_StdPeriph_Lib_V3.4.0/Libraries/STM32F10x_StdPeriph_Driver/src/stm32f10x_exti.o
 .debug_frame   0x00001650      0x28c ./STM32F10x_StdPeriph_Lib_V3.4.0/Libraries/STM32F10x_StdPeriph_Driver/src/stm32f10x_flash.o
 .debug_frame   0x000018dc      0x174 ./STM32F10x_StdPeriph_Lib_V3.4.0/Libraries/STM32F10x_StdPeriph_Driver/src/stm32f10x_fsmc.o
 .debug_frame   0x00001a50      0x180 ./STM32F10x_StdPeriph_Lib_V3.4.0/Libraries/STM32F10x_StdPeriph_Driver/src/stm32f10x_gpio.o
 .debug_frame   0x00001bd0      0x23c ./STM32F10x_StdPeriph_Lib_V3.4.0/Libraries/STM32F10x_StdPeriph_Driver/src/stm32f10x_i2c.o
 .debug_frame   0x00001e0c       0x70 ./STM32F10x_StdPeriph_Lib_V3.4.0/Libraries/STM32F10x_StdPeriph_Driver/src/stm32f10x_iwdg.o
 .debug_frame   0x00001e7c       0xc8 ./STM32F10x_StdPeriph_Lib_V3.4.0/Libraries/STM32F10x_StdPeriph_Driver/src/stm32f10x_pwr.o
 .debug_frame   0x00001f44      0x22c ./STM32F10x_StdPeriph_Lib_V3.4.0/Libraries/STM32F10x_StdPeriph_Driver/src/stm32f10x_rcc.o
 .debug_frame   0x00002170      0x114 ./STM32F10x_StdPeriph_Lib_V3.4.0/Libraries/STM32F10x_StdPeriph_Driver/src/stm32f10x_rtc.o
 .debug_frame   0x00002284      0x218 ./STM32F10x_StdPeriph_Lib_V3.4.0/Libraries/STM32F10x_StdPeriph_Driver/src/stm32f10x_sdio.o
 .debug_frame   0x0000249c      0x1bc ./STM32F10x_StdPeriph_Lib_V3.4.0/Libraries/STM32F10x_StdPeriph_Driver/src/stm32f10x_spi.o
 .debug_frame   0x00002658      0x69c ./STM32F10x_StdPeriph_Lib_V3.4.0/Libraries/STM32F10x_StdPeriph_Driver/src/stm32f10x_tim.o
 .debug_frame   0x00002cf4      0x220 ./STM32F10x_StdPeriph_Lib_V3.4.0/Libraries/STM32F10x_StdPeriph_Driver/src/stm32f10x_usart.o
 .debug_frame   0x00002f14       0xa0 ./STM32F10x_StdPeriph_Lib_V3.4.0/Libraries/STM32F10x_StdPeriph_Driver/src/stm32f10x_wwdg.o
 .debug_frame   0x00002fb4      0x170 ./STM32F10x_StdPeriph_Lib_V3.4.0/Libraries/CMSIS/CM3/CoreSupport/core_cm3.o
 .debug_frame   0x00003124       0x2c c:/program files/codesourcery/sourcery g++ lite/bin/../lib/gcc/arm-none-eabi/4.5.1/../../../../arm-none-eabi/lib/thumb2\libc.a(lib_a-memset.o)

.debug_str      0x00000000     0x630a
 *(.debug_str)
 .debug_str     0x00000000      0xe58 ./src/main.o
                                0xed3 (size before relaxing)
 .debug_str     0x00000e58      0x227 ./src/radio.o
                                0x879 (size before relaxing)
 .debug_str     0x0000107f      0x5b8 ./src/sdcard.o
                                0xebd (size before relaxing)
 .debug_str     0x00001637       0xc9 ./src/stm32f10x_it.o
                                0x22f (size before relaxing)
 .debug_str     0x00001700      0x1b2 ./src/vs1003.o
                                0x42b (size before relaxing)
 .debug_str     0x000018b2       0xa0 ./fatfs/diskio.o
                                0x185 (size before relaxing)
 .debug_str     0x00001952      0x227 ./fatfs/ff.o
                                0x57a (size before relaxing)
 .debug_str     0x00001b79      0x1b5 ./STM32F10x_StdPeriph_Lib_V3.4.0/Libraries/STM32F10x_StdPeriph_Driver/src/misc.o
                                0x357 (size before relaxing)
 .debug_str     0x00001d2e      0x55a ./STM32F10x_StdPeriph_Lib_V3.4.0/Libraries/STM32F10x_StdPeriph_Driver/src/stm32f10x_adc.o
                                0x68f (size before relaxing)
 .debug_str     0x00002288      0x3bc ./STM32F10x_StdPeriph_Lib_V3.4.0/Libraries/STM32F10x_StdPeriph_Driver/src/stm32f10x_bkp.o
                                0x549 (size before relaxing)
 .debug_str     0x00002644      0x499 ./STM32F10x_StdPeriph_Lib_V3.4.0/Libraries/STM32F10x_StdPeriph_Driver/src/stm32f10x_can.o
                                0x616 (size before relaxing)
 .debug_str     0x00002add      0x1cc ./STM32F10x_StdPeriph_Lib_V3.4.0/Libraries/STM32F10x_StdPeriph_Driver/src/stm32f10x_cec.o
                                0x30a (size before relaxing)
 .debug_str     0x00002ca9       0xdc ./STM32F10x_StdPeriph_Lib_V3.4.0/Libraries/STM32F10x_StdPeriph_Driver/src/stm32f10x_crc.o
                                0x1cf (size before relaxing)
 .debug_str     0x00002d85      0x232 ./STM32F10x_StdPeriph_Lib_V3.4.0/Libraries/STM32F10x_StdPeriph_Driver/src/stm32f10x_dac.o
                                0x343 (size before relaxing)
 .debug_str     0x00002fb7       0xb0 ./STM32F10x_StdPeriph_Lib_V3.4.0/Libraries/STM32F10x_StdPeriph_Driver/src/stm32f10x_dbgmcu.o
                                0x19b (size before relaxing)
 .debug_str     0x00003067      0x141 ./STM32F10x_StdPeriph_Lib_V3.4.0/Libraries/STM32F10x_StdPeriph_Driver/src/stm32f10x_dma.o
                                0x34c (size before relaxing)
 .debug_str     0x000031a8      0x1df ./STM32F10x_StdPeriph_Lib_V3.4.0/Libraries/STM32F10x_StdPeriph_Driver/src/stm32f10x_exti.o
                                0x2f2 (size before relaxing)
 .debug_str     0x00003387      0x43f ./STM32F10x_StdPeriph_Lib_V3.4.0/Libraries/STM32F10x_StdPeriph_Driver/src/stm32f10x_flash.o
                                0x57c (size before relaxing)
 .debug_str     0x000037c6      0x5ed ./STM32F10x_StdPeriph_Lib_V3.4.0/Libraries/STM32F10x_StdPeriph_Driver/src/stm32f10x_fsmc.o
                                0x718 (size before relaxing)
 .debug_str     0x00003db3      0x269 ./STM32F10x_StdPeriph_Lib_V3.4.0/Libraries/STM32F10x_StdPeriph_Driver/src/stm32f10x_gpio.o
                                0x4ad (size before relaxing)
 .debug_str     0x0000401c      0x399 ./STM32F10x_StdPeriph_Lib_V3.4.0/Libraries/STM32F10x_StdPeriph_Driver/src/stm32f10x_i2c.o
                                0x5d2 (size before relaxing)
 .debug_str     0x000043b5       0xfa ./STM32F10x_StdPeriph_Lib_V3.4.0/Libraries/STM32F10x_StdPeriph_Driver/src/stm32f10x_iwdg.o
                                0x1f0 (size before relaxing)
 .debug_str     0x000044af      0x13a ./STM32F10x_StdPeriph_Lib_V3.4.0/Libraries/STM32F10x_StdPeriph_Driver/src/stm32f10x_pwr.o
                                0x2a6 (size before relaxing)
 .debug_str     0x000045e9      0x3ea ./STM32F10x_StdPeriph_Lib_V3.4.0/Libraries/STM32F10x_StdPeriph_Driver/src/stm32f10x_rcc.o
                                0x5ae (size before relaxing)
 .debug_str     0x000049d3      0x1b2 ./STM32F10x_StdPeriph_Lib_V3.4.0/Libraries/STM32F10x_StdPeriph_Driver/src/stm32f10x_rtc.o
                                0x336 (size before relaxing)
 .debug_str     0x00004b85      0x2f3 ./STM32F10x_StdPeriph_Lib_V3.4.0/Libraries/STM32F10x_StdPeriph_Driver/src/stm32f10x_sdio.o
                                0x5cf (size before relaxing)
 .debug_str     0x00004e78      0x2d2 ./STM32F10x_StdPeriph_Lib_V3.4.0/Libraries/STM32F10x_StdPeriph_Driver/src/stm32f10x_spi.o
                                0x591 (size before relaxing)
 .debug_str     0x0000514a      0xb14 ./STM32F10x_StdPeriph_Lib_V3.4.0/Libraries/STM32F10x_StdPeriph_Driver/src/stm32f10x_tim.o
                                0xd71 (size before relaxing)
 .debug_str     0x00005c5e      0x442 ./STM32F10x_StdPeriph_Lib_V3.4.0/Libraries/STM32F10x_StdPeriph_Driver/src/stm32f10x_usart.o
                                0x624 (size before relaxing)
 .debug_str     0x000060a0       0xf6 ./STM32F10x_StdPeriph_Lib_V3.4.0/Libraries/STM32F10x_StdPeriph_Driver/src/stm32f10x_wwdg.o
                                0x1fc (size before relaxing)
 .debug_str     0x00006196      0x174 ./STM32F10x_StdPeriph_Lib_V3.4.0/Libraries/CMSIS/CM3/CoreSupport/core_cm3.o
                                0x25d (size before relaxing)

.debug_loc      0x00000000     0x9cd2
 *(.debug_loc)
 .debug_loc     0x00000000      0x112 ./src/main.o
 .debug_loc     0x00000112       0xb8 ./src/radio.o
 .debug_loc     0x000001ca     0x1a24 ./src/sdcard.o
 .debug_loc     0x00001bee       0x40 ./src/stm32f10x_it.o
 .debug_loc     0x00001c2e      0x243 ./src/vs1003.o
 .debug_loc     0x00001e71      0x153 ./fatfs/diskio.o
 .debug_loc     0x00001fc4     0x277e ./fatfs/ff.o
 .debug_loc     0x00004742      0x112 ./STM32F10x_StdPeriph_Lib_V3.4.0/Libraries/STM32F10x_StdPeriph_Driver/src/misc.o
 .debug_loc     0x00004854      0x820 ./STM32F10x_StdPeriph_Lib_V3.4.0/Libraries/STM32F10x_StdPeriph_Driver/src/stm32f10x_adc.o
 .debug_loc     0x00005074      0x11d ./STM32F10x_StdPeriph_Lib_V3.4.0/Libraries/STM32F10x_StdPeriph_Driver/src/stm32f10x_bkp.o
 .debug_loc     0x00005191      0x4f8 ./STM32F10x_StdPeriph_Lib_V3.4.0/Libraries/STM32F10x_StdPeriph_Driver/src/stm32f10x_can.o
 .debug_loc     0x00005689      0x1f9 ./STM32F10x_StdPeriph_Lib_V3.4.0/Libraries/STM32F10x_StdPeriph_Driver/src/stm32f10x_cec.o
 .debug_loc     0x00005882       0x89 ./STM32F10x_StdPeriph_Lib_V3.4.0/Libraries/STM32F10x_StdPeriph_Driver/src/stm32f10x_crc.o
 .debug_loc     0x0000590b      0x2ae ./STM32F10x_StdPeriph_Lib_V3.4.0/Libraries/STM32F10x_StdPeriph_Driver/src/stm32f10x_dac.o
 .debug_loc     0x00005bb9       0x1e ./STM32F10x_StdPeriph_Lib_V3.4.0/Libraries/STM32F10x_StdPeriph_Driver/src/stm32f10x_dbgmcu.o
 .debug_loc     0x00005bd7      0x142 ./STM32F10x_StdPeriph_Lib_V3.4.0/Libraries/STM32F10x_StdPeriph_Driver/src/stm32f10x_dma.o
 .debug_loc     0x00005d19      0x12b ./STM32F10x_StdPeriph_Lib_V3.4.0/Libraries/STM32F10x_StdPeriph_Driver/src/stm32f10x_exti.o
 .debug_loc     0x00005e44      0x77e ./STM32F10x_StdPeriph_Lib_V3.4.0/Libraries/STM32F10x_StdPeriph_Driver/src/stm32f10x_flash.o
 .debug_loc     0x000065c2      0x356 ./STM32F10x_StdPeriph_Lib_V3.4.0/Libraries/STM32F10x_StdPeriph_Driver/src/stm32f10x_fsmc.o
 .debug_loc     0x00006918      0x4bd ./STM32F10x_StdPeriph_Lib_V3.4.0/Libraries/STM32F10x_StdPeriph_Driver/src/stm32f10x_gpio.o
 .debug_loc     0x00006dd5      0x5f4 ./STM32F10x_StdPeriph_Lib_V3.4.0/Libraries/STM32F10x_StdPeriph_Driver/src/stm32f10x_i2c.o
 .debug_loc     0x000073c9       0x3d ./STM32F10x_StdPeriph_Lib_V3.4.0/Libraries/STM32F10x_StdPeriph_Driver/src/stm32f10x_iwdg.o
 .debug_loc     0x00007406      0x13d ./STM32F10x_StdPeriph_Lib_V3.4.0/Libraries/STM32F10x_StdPeriph_Driver/src/stm32f10x_pwr.o
 .debug_loc     0x00007543      0x498 ./STM32F10x_StdPeriph_Lib_V3.4.0/Libraries/STM32F10x_StdPeriph_Driver/src/stm32f10x_rcc.o
 .debug_loc     0x000079db      0x1b4 ./STM32F10x_StdPeriph_Lib_V3.4.0/Libraries/STM32F10x_StdPeriph_Driver/src/stm32f10x_rtc.o
 .debug_loc     0x00007b8f      0x236 ./STM32F10x_StdPeriph_Lib_V3.4.0/Libraries/STM32F10x_StdPeriph_Driver/src/stm32f10x_sdio.o
 .debug_loc     0x00007dc5      0x432 ./STM32F10x_StdPeriph_Lib_V3.4.0/Libraries/STM32F10x_StdPeriph_Driver/src/stm32f10x_spi.o
 .debug_loc     0x000081f7     0x12c2 ./STM32F10x_StdPeriph_Lib_V3.4.0/Libraries/STM32F10x_StdPeriph_Driver/src/stm32f10x_tim.o
 .debug_loc     0x000094b9      0x4b4 ./STM32F10x_StdPeriph_Lib_V3.4.0/Libraries/STM32F10x_StdPeriph_Driver/src/stm32f10x_usart.o
 .debug_loc     0x0000996d       0xe5 ./STM32F10x_StdPeriph_Lib_V3.4.0/Libraries/STM32F10x_StdPeriph_Driver/src/stm32f10x_wwdg.o
 .debug_loc     0x00009a52      0x280 ./STM32F10x_StdPeriph_Lib_V3.4.0/Libraries/CMSIS/CM3/CoreSupport/core_cm3.o

.debug_macinfo  0x00000000   0x7f7bd1
 *(.debug_macinfo)
 .debug_macinfo
                0x00000000    0x450a6 ./src/main.o
 .debug_macinfo
                0x000450a6    0x43168 ./src/radio.o
 .debug_macinfo
                0x0008820e    0x444c7 ./src/sdcard.o
 .debug_macinfo
                0x000cc6d5    0x44d1f ./src/stm32f10x_it.o
 .debug_macinfo
                0x001113f4    0x4345a ./src/vs1003.o
 .debug_macinfo
                0x0015484e    0x45b3b ./fatfs/diskio.o
 .debug_macinfo
                0x0019a389    0x44a07 ./fatfs/ff.o
 .debug_macinfo
                0x001ded90    0x43176 ./STM32F10x_StdPeriph_Lib_V3.4.0/Libraries/STM32F10x_StdPeriph_Driver/src/misc.o
 .debug_macinfo
                0x00221f06    0x45944 ./STM32F10x_StdPeriph_Lib_V3.4.0/Libraries/STM32F10x_StdPeriph_Driver/src/stm32f10x_adc.o
 .debug_macinfo
                0x0026784a    0x43ef4 ./STM32F10x_StdPeriph_Lib_V3.4.0/Libraries/STM32F10x_StdPeriph_Driver/src/stm32f10x_bkp.o
 .debug_macinfo
                0x002ab73e    0x44991 ./STM32F10x_StdPeriph_Lib_V3.4.0/Libraries/STM32F10x_StdPeriph_Driver/src/stm32f10x_can.o
 .debug_macinfo
                0x002f00cf    0x43a8a ./STM32F10x_StdPeriph_Lib_V3.4.0/Libraries/STM32F10x_StdPeriph_Driver/src/stm32f10x_cec.o
 .debug_macinfo
                0x00333b59    0x4315f ./STM32F10x_StdPeriph_Lib_V3.4.0/Libraries/STM32F10x_StdPeriph_Driver/src/stm32f10x_crc.o
 .debug_macinfo
                0x00376cb8    0x442ec ./STM32F10x_StdPeriph_Lib_V3.4.0/Libraries/STM32F10x_StdPeriph_Driver/src/stm32f10x_dac.o
 .debug_macinfo
                0x003bafa4    0x43635 ./STM32F10x_StdPeriph_Lib_V3.4.0/Libraries/STM32F10x_StdPeriph_Driver/src/stm32f10x_dbgmcu.o
 .debug_macinfo
                0x003fe5d9    0x43639 ./STM32F10x_StdPeriph_Lib_V3.4.0/Libraries/STM32F10x_StdPeriph_Driver/src/stm32f10x_dma.o
 .debug_macinfo
                0x00441c12    0x4316e ./STM32F10x_StdPeriph_Lib_V3.4.0/Libraries/STM32F10x_StdPeriph_Driver/src/stm32f10x_exti.o
 .debug_macinfo
                0x00484d80    0x43566 ./STM32F10x_StdPeriph_Lib_V3.4.0/Libraries/STM32F10x_StdPeriph_Driver/src/stm32f10x_flash.o
 .debug_macinfo
                0x004c82e6    0x4328f ./STM32F10x_StdPeriph_Lib_V3.4.0/Libraries/STM32F10x_StdPeriph_Driver/src/stm32f10x_fsmc.o
 .debug_macinfo
                0x0050b575    0x433a5 ./STM32F10x_StdPeriph_Lib_V3.4.0/Libraries/STM32F10x_StdPeriph_Driver/src/stm32f10x_gpio.o
 .debug_macinfo
                0x0054e91a    0x43626 ./STM32F10x_StdPeriph_Lib_V3.4.0/Libraries/STM32F10x_StdPeriph_Driver/src/stm32f10x_i2c.o
 .debug_macinfo
                0x00591f40    0x43556 ./STM32F10x_StdPeriph_Lib_V3.4.0/Libraries/STM32F10x_StdPeriph_Driver/src/stm32f10x_iwdg.o
 .debug_macinfo
                0x005d5496    0x4382d ./STM32F10x_StdPeriph_Lib_V3.4.0/Libraries/STM32F10x_StdPeriph_Driver/src/stm32f10x_pwr.o
 .debug_macinfo
                0x00618cc3    0x438dc ./STM32F10x_StdPeriph_Lib_V3.4.0/Libraries/STM32F10x_StdPeriph_Driver/src/stm32f10x_rcc.o
 .debug_macinfo
                0x0065c59f    0x43489 ./STM32F10x_StdPeriph_Lib_V3.4.0/Libraries/STM32F10x_StdPeriph_Driver/src/stm32f10x_rtc.o
 .debug_macinfo
                0x0069fa28    0x436d5 ./STM32F10x_StdPeriph_Lib_V3.4.0/Libraries/STM32F10x_StdPeriph_Driver/src/stm32f10x_sdio.o
 .debug_macinfo
                0x006e30fd    0x433c9 ./STM32F10x_StdPeriph_Lib_V3.4.0/Libraries/STM32F10x_StdPeriph_Driver/src/stm32f10x_spi.o
 .debug_macinfo
                0x007264c6    0x4787d ./STM32F10x_StdPeriph_Lib_V3.4.0/Libraries/STM32F10x_StdPeriph_Driver/src/stm32f10x_tim.o
 .debug_macinfo
                0x0076dd43    0x44a9a ./STM32F10x_StdPeriph_Lib_V3.4.0/Libraries/STM32F10x_StdPeriph_Driver/src/stm32f10x_usart.o
 .debug_macinfo
                0x007b27dd    0x43465 ./STM32F10x_StdPeriph_Lib_V3.4.0/Libraries/STM32F10x_StdPeriph_Driver/src/stm32f10x_wwdg.o
 .debug_macinfo
                0x007f5c42     0x1f8f ./STM32F10x_StdPeriph_Lib_V3.4.0/Libraries/CMSIS/CM3/CoreSupport/core_cm3.o

.debug_weaknames
 *(.debug_weaknames)

.debug_funcnames
 *(.debug_funcnames)

.debug_typenames
 *(.debug_typenames)

.debug_varnames
 *(.debug_varnames)
OUTPUT(ONYKS.elf elf32-littlearm)

.debug_ranges   0x00000000      0x1a0
 .debug_ranges  0x00000000       0x20 ./startup_stm32f10x_md.o
 .debug_ranges  0x00000020       0xb0 ./src/sdcard.o
 .debug_ranges  0x000000d0       0x70 ./fatfs/ff.o
 .debug_ranges  0x00000140       0x60 ./STM32F10x_StdPeriph_Lib_V3.4.0/Libraries/STM32F10x_StdPeriph_Driver/src/stm32f10x_tim.o

.debug_pubtypes
                0x00000000     0x1469
 .debug_pubtypes
                0x00000000      0x18f ./src/main.o
 .debug_pubtypes
                0x0000018f      0x10b ./src/radio.o
 .debug_pubtypes
                0x0000029a      0x170 ./src/sdcard.o
 .debug_pubtypes
                0x0000040a       0x59 ./src/stm32f10x_it.o
 .debug_pubtypes
                0x00000463       0xad ./src/vs1003.o
 .debug_pubtypes
                0x00000510       0x52 ./fatfs/diskio.o
 .debug_pubtypes
                0x00000562       0xb6 ./fatfs/ff.o
 .debug_pubtypes
                0x00000618       0x80 ./STM32F10x_StdPeriph_Lib_V3.4.0/Libraries/STM32F10x_StdPeriph_Driver/src/misc.o
 .debug_pubtypes
                0x00000698       0x8c ./STM32F10x_StdPeriph_Lib_V3.4.0/Libraries/STM32F10x_StdPeriph_Driver/src/stm32f10x_adc.o
 .debug_pubtypes
                0x00000724       0x78 ./STM32F10x_StdPeriph_Lib_V3.4.0/Libraries/STM32F10x_StdPeriph_Driver/src/stm32f10x_bkp.o
 .debug_pubtypes
                0x0000079c      0x115 ./STM32F10x_StdPeriph_Lib_V3.4.0/Libraries/STM32F10x_StdPeriph_Driver/src/stm32f10x_can.o
 .debug_pubtypes
                0x000008b1       0x8c ./STM32F10x_StdPeriph_Lib_V3.4.0/Libraries/STM32F10x_StdPeriph_Driver/src/stm32f10x_cec.o
 .debug_pubtypes
                0x0000093d       0x48 ./STM32F10x_StdPeriph_Lib_V3.4.0/Libraries/STM32F10x_StdPeriph_Driver/src/stm32f10x_crc.o
 .debug_pubtypes
                0x00000985       0x70 ./STM32F10x_StdPeriph_Lib_V3.4.0/Libraries/STM32F10x_StdPeriph_Driver/src/stm32f10x_dac.o
 .debug_pubtypes
                0x000009f5       0x46 ./STM32F10x_StdPeriph_Lib_V3.4.0/Libraries/STM32F10x_StdPeriph_Driver/src/stm32f10x_dbgmcu.o
 .debug_pubtypes
                0x00000a3b       0x98 ./STM32F10x_StdPeriph_Lib_V3.4.0/Libraries/STM32F10x_StdPeriph_Driver/src/stm32f10x_dma.o
 .debug_pubtypes
                0x00000ad3       0xa2 ./STM32F10x_StdPeriph_Lib_V3.4.0/Libraries/STM32F10x_StdPeriph_Driver/src/stm32f10x_exti.o
 .debug_pubtypes
                0x00000b75       0x8d ./STM32F10x_StdPeriph_Lib_V3.4.0/Libraries/STM32F10x_StdPeriph_Driver/src/stm32f10x_flash.o
 .debug_pubtypes
                0x00000c02      0x168 ./STM32F10x_StdPeriph_Lib_V3.4.0/Libraries/STM32F10x_StdPeriph_Driver/src/stm32f10x_fsmc.o
 .debug_pubtypes
                0x00000d6a       0xc3 ./STM32F10x_StdPeriph_Lib_V3.4.0/Libraries/STM32F10x_StdPeriph_Driver/src/stm32f10x_gpio.o
 .debug_pubtypes
                0x00000e2d       0xb2 ./STM32F10x_StdPeriph_Lib_V3.4.0/Libraries/STM32F10x_StdPeriph_Driver/src/stm32f10x_i2c.o
 .debug_pubtypes
                0x00000edf       0x58 ./STM32F10x_StdPeriph_Lib_V3.4.0/Libraries/STM32F10x_StdPeriph_Driver/src/stm32f10x_iwdg.o
 .debug_pubtypes
                0x00000f37       0x78 ./STM32F10x_StdPeriph_Lib_V3.4.0/Libraries/STM32F10x_StdPeriph_Driver/src/stm32f10x_pwr.o
 .debug_pubtypes
                0x00000faf       0x9e ./STM32F10x_StdPeriph_Lib_V3.4.0/Libraries/STM32F10x_StdPeriph_Driver/src/stm32f10x_rcc.o
 .debug_pubtypes
                0x0000104d       0x78 ./STM32F10x_StdPeriph_Lib_V3.4.0/Libraries/STM32F10x_StdPeriph_Driver/src/stm32f10x_rtc.o
 .debug_pubtypes
                0x000010c5       0xb2 ./STM32F10x_StdPeriph_Lib_V3.4.0/Libraries/STM32F10x_StdPeriph_Driver/src/stm32f10x_sdio.o
 .debug_pubtypes
                0x00001177       0xb6 ./STM32F10x_StdPeriph_Lib_V3.4.0/Libraries/STM32F10x_StdPeriph_Driver/src/stm32f10x_spi.o
 .debug_pubtypes
                0x0000122d       0xd8 ./STM32F10x_StdPeriph_Lib_V3.4.0/Libraries/STM32F10x_StdPeriph_Driver/src/stm32f10x_tim.o
 .debug_pubtypes
                0x00001305       0xc9 ./STM32F10x_StdPeriph_Lib_V3.4.0/Libraries/STM32F10x_StdPeriph_Driver/src/stm32f10x_usart.o
 .debug_pubtypes
                0x000013ce       0x4b ./STM32F10x_StdPeriph_Lib_V3.4.0/Libraries/STM32F10x_StdPeriph_Driver/src/stm32f10x_wwdg.o
 .debug_pubtypes
                0x00001419       0x50 ./STM32F10x_StdPeriph_Lib_V3.4.0/Libraries/CMSIS/CM3/CoreSupport/core_cm3.o
